Archive member included to satisfy reference by file (symbol)

c:/program files (x86)/embedded toolchain/gnu tools arm embedded/7 2017-q4-major/bin/../lib/gcc/arm-none-eabi/7.2.1/../../../../arm-none-eabi/lib/thumb/v7-m\libc_nano.a(lib_a-errno.o)
                              build/syscalls.o (__errno)
c:/program files (x86)/embedded toolchain/gnu tools arm embedded/7 2017-q4-major/bin/../lib/gcc/arm-none-eabi/7.2.1/../../../../arm-none-eabi/lib/thumb/v7-m\libc_nano.a(lib_a-exit.o)
                              c:/program files (x86)/embedded toolchain/gnu tools arm embedded/7 2017-q4-major/bin/../lib/gcc/arm-none-eabi/7.2.1/../../../../arm-none-eabi/lib/thumb/v7-m/crt0.o (exit)
c:/program files (x86)/embedded toolchain/gnu tools arm embedded/7 2017-q4-major/bin/../lib/gcc/arm-none-eabi/7.2.1/../../../../arm-none-eabi/lib/thumb/v7-m\libc_nano.a(lib_a-impure.o)
                              c:/program files (x86)/embedded toolchain/gnu tools arm embedded/7 2017-q4-major/bin/../lib/gcc/arm-none-eabi/7.2.1/../../../../arm-none-eabi/lib/thumb/v7-m\libc_nano.a(lib_a-exit.o) (_global_impure_ptr)
c:/program files (x86)/embedded toolchain/gnu tools arm embedded/7 2017-q4-major/bin/../lib/gcc/arm-none-eabi/7.2.1/../../../../arm-none-eabi/lib/thumb/v7-m\libc_nano.a(lib_a-init.o)
                              c:/program files (x86)/embedded toolchain/gnu tools arm embedded/7 2017-q4-major/bin/../lib/gcc/arm-none-eabi/7.2.1/../../../../arm-none-eabi/lib/thumb/v7-m/crt0.o (__libc_init_array)
c:/program files (x86)/embedded toolchain/gnu tools arm embedded/7 2017-q4-major/bin/../lib/gcc/arm-none-eabi/7.2.1/../../../../arm-none-eabi/lib/thumb/v7-m\libc_nano.a(lib_a-memset.o)
                              c:/program files (x86)/embedded toolchain/gnu tools arm embedded/7 2017-q4-major/bin/../lib/gcc/arm-none-eabi/7.2.1/../../../../arm-none-eabi/lib/thumb/v7-m/crt0.o (memset)
c:/program files (x86)/embedded toolchain/gnu tools arm embedded/7 2017-q4-major/bin/../lib/gcc/arm-none-eabi/7.2.1/../../../../arm-none-eabi/lib/thumb/v7-m\libc_nano.a(lib_a-sprintf.o)
                              build/main.o (sprintf)
c:/program files (x86)/embedded toolchain/gnu tools arm embedded/7 2017-q4-major/bin/../lib/gcc/arm-none-eabi/7.2.1/../../../../arm-none-eabi/lib/thumb/v7-m\libc_nano.a(lib_a-strlen.o)
                              build/main.o (strlen)
c:/program files (x86)/embedded toolchain/gnu tools arm embedded/7 2017-q4-major/bin/../lib/gcc/arm-none-eabi/7.2.1/../../../../arm-none-eabi/lib/thumb/v7-m\libc_nano.a(lib_a-nano-svfprintf.o)
                              c:/program files (x86)/embedded toolchain/gnu tools arm embedded/7 2017-q4-major/bin/../lib/gcc/arm-none-eabi/7.2.1/../../../../arm-none-eabi/lib/thumb/v7-m\libc_nano.a(lib_a-sprintf.o) (_svfprintf_r)
c:/program files (x86)/embedded toolchain/gnu tools arm embedded/7 2017-q4-major/bin/../lib/gcc/arm-none-eabi/7.2.1/../../../../arm-none-eabi/lib/thumb/v7-m\libc_nano.a(lib_a-nano-vfprintf_i.o)
                              c:/program files (x86)/embedded toolchain/gnu tools arm embedded/7 2017-q4-major/bin/../lib/gcc/arm-none-eabi/7.2.1/../../../../arm-none-eabi/lib/thumb/v7-m\libc_nano.a(lib_a-nano-svfprintf.o) (_printf_i)
c:/program files (x86)/embedded toolchain/gnu tools arm embedded/7 2017-q4-major/bin/../lib/gcc/arm-none-eabi/7.2.1/../../../../arm-none-eabi/lib/thumb/v7-m\libc_nano.a(lib_a-memchr-stub.o)
                              c:/program files (x86)/embedded toolchain/gnu tools arm embedded/7 2017-q4-major/bin/../lib/gcc/arm-none-eabi/7.2.1/../../../../arm-none-eabi/lib/thumb/v7-m\libc_nano.a(lib_a-nano-svfprintf.o) (memchr)
c:/program files (x86)/embedded toolchain/gnu tools arm embedded/7 2017-q4-major/bin/../lib/gcc/arm-none-eabi/7.2.1/../../../../arm-none-eabi/lib/thumb/v7-m\libc_nano.a(lib_a-memcpy-stub.o)
                              c:/program files (x86)/embedded toolchain/gnu tools arm embedded/7 2017-q4-major/bin/../lib/gcc/arm-none-eabi/7.2.1/../../../../arm-none-eabi/lib/thumb/v7-m\libc_nano.a(lib_a-nano-svfprintf.o) (memcpy)
c:/program files (x86)/embedded toolchain/gnu tools arm embedded/7 2017-q4-major/bin/../lib/gcc/arm-none-eabi/7.2.1/../../../../arm-none-eabi/lib/thumb/v7-m\libc_nano.a(lib_a-memmove.o)
                              c:/program files (x86)/embedded toolchain/gnu tools arm embedded/7 2017-q4-major/bin/../lib/gcc/arm-none-eabi/7.2.1/../../../../arm-none-eabi/lib/thumb/v7-m\libc_nano.a(lib_a-nano-svfprintf.o) (memmove)
c:/program files (x86)/embedded toolchain/gnu tools arm embedded/7 2017-q4-major/bin/../lib/gcc/arm-none-eabi/7.2.1/../../../../arm-none-eabi/lib/thumb/v7-m\libc_nano.a(lib_a-nano-freer.o)
                              c:/program files (x86)/embedded toolchain/gnu tools arm embedded/7 2017-q4-major/bin/../lib/gcc/arm-none-eabi/7.2.1/../../../../arm-none-eabi/lib/thumb/v7-m\libc_nano.a(lib_a-nano-svfprintf.o) (_free_r)
[...]
Memory Configuration

Name             Origin             Length             Attributes
RAM              0x20000000         0x00005000         xrw
FLASH            0x08000000         0x00010000         xr
*default*        0x00000000         0xffffffff

Linker script and memory map

LOAD c:/program files (x86)/embedded toolchain/gnu tools arm embedded/7 2017-q4-major/bin/../lib/gcc/arm-none-eabi/7.2.1/thumb/v7-m/crti.o
LOAD c:/program files (x86)/embedded toolchain/gnu tools arm embedded/7 2017-q4-major/bin/../lib/gcc/arm-none-eabi/7.2.1/thumb/v7-m/crtbegin.o
LOAD c:/program files (x86)/embedded toolchain/gnu tools arm embedded/7 2017-q4-major/bin/../lib/gcc/arm-none-eabi/7.2.1/../../../../arm-none-eabi/lib/thumb/v7-m/crt0.o
LOAD build/stm32f1xx_hal.o
LOAD build/stm32f1xx_hal_cortex.o
LOAD build/stm32f1xx_hal_crc.o
LOAD build/stm32f1xx_hal_dma.o
LOAD build/stm32f1xx_hal_flash.o
LOAD build/stm32f1xx_hal_flash_ex.o
LOAD build/stm32f1xx_hal_gpio.o
LOAD build/stm32f1xx_hal_gpio_ex.o
LOAD build/stm32f1xx_hal_i2c.o
LOAD build/stm32f1xx_hal_pcd.o
LOAD build/stm32f1xx_hal_pcd_ex.o
LOAD build/stm32f1xx_hal_pwr.o
LOAD build/stm32f1xx_hal_rcc.o
LOAD build/stm32f1xx_hal_rcc_ex.o
LOAD build/stm32f1xx_hal_tim.o
LOAD build/stm32f1xx_hal_tim_ex.o
LOAD build/stm32f1xx_hal_uart.o
LOAD build/stm32f1xx_ll_usb.o
LOAD build/usbd_cdc.o
LOAD build/usbd_core.o
LOAD build/usbd_ctlreq.o
LOAD build/usbd_ioreq.o
LOAD build/crc.o
LOAD build/gpio.o
LOAD build/i2c.o
LOAD build/main.o
LOAD build/stm32f1xx_hal_msp.o
LOAD build/stm32f1xx_it.o
LOAD build/system_stm32f1xx.o
LOAD build/tim.o
LOAD build/usart.o
LOAD build/usb_device.o
LOAD build/usbd_cdc_if.o
LOAD build/usbd_conf.o
LOAD build/usbd_desc.o
LOAD build/syscalls.o
LOAD build/startup_stm32f103xb.o
LOAD c:/program files (x86)/embedded toolchain/gnu tools arm embedded/7 2017-q4-major/bin/../lib/gcc/arm-none-eabi/7.2.1/../../../../arm-none-eabi/lib/thumb/v7-m\libnosys.a
LOAD c:/program files (x86)/embedded toolchain/gnu tools arm embedded/7 2017-q4-major/bin/../lib/gcc/arm-none-eabi/7.2.1/../../../../arm-none-eabi/lib/thumb/v7-m\libstdc++_nano.a
LOAD c:/program files (x86)/embedded toolchain/gnu tools arm embedded/7 2017-q4-major/bin/../lib/gcc/arm-none-eabi/7.2.1/../../../../arm-none-eabi/lib/thumb/v7-m\libm.a
LOAD c:/program files (x86)/embedded toolchain/gnu tools arm embedded/7 2017-q4-major/bin/../lib/gcc/arm-none-eabi/7.2.1/../../../../arm-none-eabi/lib/thumb/v7-m\libc_nano.a
START GROUP
LOAD c:/program files (x86)/embedded toolchain/gnu tools arm embedded/7 2017-q4-major/bin/../lib/gcc/arm-none-eabi/7.2.1/thumb/v7-m\libgcc.a
LOAD c:/program files (x86)/embedded toolchain/gnu tools arm embedded/7 2017-q4-major/bin/../lib/gcc/arm-none-eabi/7.2.1/../../../../arm-none-eabi/lib/thumb/v7-m\libc_nano.a
END GROUP
START GROUP
LOAD c:/program files (x86)/embedded toolchain/gnu tools arm embedded/7 2017-q4-major/bin/../lib/gcc/arm-none-eabi/7.2.1/thumb/v7-m\libgcc.a
LOAD c:/program files (x86)/embedded toolchain/gnu tools arm embedded/7 2017-q4-major/bin/../lib/gcc/arm-none-eabi/7.2.1/../../../../arm-none-eabi/lib/thumb/v7-m\libc_nano.a
END GROUP
LOAD c:/program files (x86)/embedded toolchain/gnu tools arm embedded/7 2017-q4-major/bin/../lib/gcc/arm-none-eabi/7.2.1/thumb/v7-m/crtend.o
LOAD c:/program files (x86)/embedded toolchain/gnu tools arm embedded/7 2017-q4-major/bin/../lib/gcc/arm-none-eabi/7.2.1/thumb/v7-m/crtn.o
                0x20005000                _estack = 0x20005000
                0x00000400                _Min_Heap_Size = 0x400
                0x00000400                _Min_Stack_Size = 0x400

.isr_vector     0x08000000      0x10c
                0x08000000                . = ALIGN (0x4)
 *(.isr_vector)
 .isr_vector    0x08000000      0x10c build/startup_stm32f103xb.o
                0x08000000                g_pfnVectors
                0x0800010c                . = ALIGN (0x4)

.text           0x0800010c     0x5a6c
                0x0800010c                . = ALIGN (0x4)
 *(.text)
 .text          0x0800010c       0x40 c:/program files (x86)/embedded toolchain/gnu tools arm embedded/7 2017-q4-major/bin/../lib/gcc/arm-none-eabi/7.2.1/thumb/v7-m/crtbegin.o
 .text          0x0800014c       0x10 c:/program files (x86)/embedded toolchain/gnu tools arm embedded/7 2017-q4-major/bin/../lib/gcc/arm-none-eabi/7.2.1/../../../../arm-none-eabi/lib/thumb/v7-m\libc_nano.a(lib_a-strlen.o)
                0x0800014c                strlen
 *(.text*)
 .text.HAL_InitTick
                0x0800015c       0x4c build/stm32f1xx_hal.o
                0x0800015c                HAL_InitTick
 .text.HAL_Init
                0x080001a8       0x24 build/stm32f1xx_hal.o
                0x080001a8                HAL_Init
 .text.HAL_IncTick
                0x080001cc       0x18 build/stm32f1xx_hal.o
                0x080001cc                HAL_IncTick
 .text.HAL_GetTick
                0x080001e4        0xc build/stm32f1xx_hal.o
                0x080001e4                HAL_GetTick
 .text.HAL_NVIC_SetPriorityGrouping
                0x080001f0       0x24 build/stm32f1xx_hal_cortex.o
                0x080001f0                HAL_NVIC_SetPriorityGrouping
 .text.HAL_NVIC_SetPriority
                0x08000214       0x68 build/stm32f1xx_hal_cortex.o
                0x08000214                HAL_NVIC_SetPriority
 .text.HAL_NVIC_EnableIRQ
                0x0800027c       0x18 build/stm32f1xx_hal_cortex.o
                0x0800027c                HAL_NVIC_EnableIRQ
 .text.HAL_SYSTICK_Config
                0x08000294       0x2c build/stm32f1xx_hal_cortex.o
                0x08000294                HAL_SYSTICK_Config
 .text.HAL_CRC_Init
                0x080002c0       0x1e build/stm32f1xx_hal_crc.o
                0x080002c0                HAL_CRC_Init
 *fill*         0x080002de        0x2 
 .text.HAL_DMA_Abort_IT
                0x080002e0       0x98 build/stm32f1xx_hal_dma.o
                0x080002e0                HAL_DMA_Abort_IT
 .text.HAL_GPIO_Init
                0x08000378      0x1d4 build/stm32f1xx_hal_gpio.o
                0x08000378                HAL_GPIO_Init
 .text.HAL_GPIO_WritePin
                0x0800054c        0xc build/stm32f1xx_hal_gpio.o
                0x0800054c                HAL_GPIO_WritePin
 .text.HAL_GPIO_TogglePin
                0x08000558        0x8 build/stm32f1xx_hal_gpio.o
                0x08000558                HAL_GPIO_TogglePin
 .text.I2C_Master_SB
                0x08000560       0x8a build/stm32f1xx_hal_i2c.o
 .text.I2C_Master_ADD10
                0x080005ea        0xc build/stm32f1xx_hal_i2c.o
 .text.I2C_Master_ADDR
                0x080005f6      0x1da build/stm32f1xx_hal_i2c.o
 .text.I2C_SlaveTransmit_BTF
                0x080007d0       0x1e build/stm32f1xx_hal_i2c.o
 .text.I2C_SlaveReceive_BTF
                0x080007ee       0x1e build/stm32f1xx_hal_i2c.o
 .text.I2C_IsAcknowledgeFailed
                0x0800080c       0x2a build/stm32f1xx_hal_i2c.o
 .text.I2C_WaitOnFlagUntilTimeout
                0x08000836       0x68 build/stm32f1xx_hal_i2c.o
 .text.I2C_WaitOnMasterAddressFlagUntilTimeout
                0x0800089e       0x90 build/stm32f1xx_hal_i2c.o
 .text.I2C_WaitOnTXEFlagUntilTimeout
                0x0800092e       0x4e build/stm32f1xx_hal_i2c.o
 .text.I2C_RequestMemoryWrite
                0x0800097c       0xd8 build/stm32f1xx_hal_i2c.o
 .text.I2C_RequestMemoryRead
                0x08000a54      0x148 build/stm32f1xx_hal_i2c.o
 .text.I2C_WaitOnBTFFlagUntilTimeout
                0x08000b9c       0x4e build/stm32f1xx_hal_i2c.o
 .text.I2C_WaitOnRXNEFlagUntilTimeout
                0x08000bea       0x5c build/stm32f1xx_hal_i2c.o
 *fill*         0x08000c46        0x2 
 .text.HAL_I2C_Init
                0x08000c48      0x168 build/stm32f1xx_hal_i2c.o
                0x08000c48                HAL_I2C_Init
 .text.HAL_I2C_Mem_Write
                0x08000db0      0x17c build/stm32f1xx_hal_i2c.o
                0x08000db0                HAL_I2C_Mem_Write
 .text.HAL_I2C_Mem_Read
                0x08000f2c      0x300 build/stm32f1xx_hal_i2c.o
                0x08000f2c                HAL_I2C_Mem_Read
 .text.HAL_I2C_Mem_Read_IT
                0x0800122c       0xe8 build/stm32f1xx_hal_i2c.o
                0x0800122c                HAL_I2C_Mem_Read_IT
 .text.HAL_I2C_MasterTxCpltCallback
                0x08001314        0x2 build/stm32f1xx_hal_i2c.o
                0x08001314                HAL_I2C_MasterTxCpltCallback
 .text.HAL_I2C_MasterRxCpltCallback
                0x08001316        0x2 build/stm32f1xx_hal_i2c.o
                0x08001316                HAL_I2C_MasterRxCpltCallback
 .text.HAL_I2C_SlaveTxCpltCallback
                0x08001318        0x2 build/stm32f1xx_hal_i2c.o
                0x08001318                HAL_I2C_SlaveTxCpltCallback
 .text.I2C_SlaveTransmit_TXE
                0x0800131a       0x4a build/stm32f1xx_hal_i2c.o
 .text.HAL_I2C_SlaveRxCpltCallback
                0x08001364        0x2 build/stm32f1xx_hal_i2c.o
                0x08001364                HAL_I2C_SlaveRxCpltCallback
 .text.I2C_SlaveReceive_RXNE
                0x08001366       0x4e build/stm32f1xx_hal_i2c.o
 .text.HAL_I2C_AddrCallback
                0x080013b4        0x2 build/stm32f1xx_hal_i2c.o
                0x080013b4                HAL_I2C_AddrCallback
 .text.I2C_Slave_ADDR
                0x080013b6       0x28 build/stm32f1xx_hal_i2c.o
 .text.HAL_I2C_ListenCpltCallback
                0x080013de        0x2 build/stm32f1xx_hal_i2c.o
                0x080013de                HAL_I2C_ListenCpltCallback
 .text.I2C_Slave_AF
                0x080013e0       0x94 build/stm32f1xx_hal_i2c.o
 .text.HAL_I2C_MemTxCpltCallback
                0x08001474        0x2 build/stm32f1xx_hal_i2c.o
                0x08001474                HAL_I2C_MemTxCpltCallback
 .text.I2C_MasterTransmit_TXE
                0x08001476      0x146 build/stm32f1xx_hal_i2c.o
 .text.I2C_MasterTransmit_BTF
                0x080015bc       0x9c build/stm32f1xx_hal_i2c.o
 .text.I2C_MasterReceive_RXNE
                0x08001658       0xcc build/stm32f1xx_hal_i2c.o
 .text.I2C_MasterReceive_BTF
                0x08001724       0xf6 build/stm32f1xx_hal_i2c.o
 .text.HAL_I2C_ErrorCallback
                0x0800181a        0x2 build/stm32f1xx_hal_i2c.o
                0x0800181a                HAL_I2C_ErrorCallback
 .text.HAL_I2C_AbortCpltCallback
                0x0800181c        0x2 build/stm32f1xx_hal_i2c.o
                0x0800181c                HAL_I2C_AbortCpltCallback
 *fill*         0x0800181e        0x2 
 .text.I2C_ITError
                0x08001820      0x148 build/stm32f1xx_hal_i2c.o
 .text.I2C_Slave_STOPF
                0x08001968      0x100 build/stm32f1xx_hal_i2c.o
 .text.HAL_I2C_EV_IRQHandler
                0x08001a68      0x168 build/stm32f1xx_hal_i2c.o
                0x08001a68                HAL_I2C_EV_IRQHandler
 .text.HAL_I2C_ER_IRQHandler
                0x08001bd0       0xdc build/stm32f1xx_hal_i2c.o
                0x08001bd0                HAL_I2C_ER_IRQHandler
 .text.I2C_DMAAbort
                0x08001cac       0x5e build/stm32f1xx_hal_i2c.o
 .text.HAL_PCD_Init
                0x08001d0a       0xd6 build/stm32f1xx_hal_pcd.o
                0x08001d0a                HAL_PCD_Init
 .text.HAL_PCD_Start
                0x08001de0       0x2e build/stm32f1xx_hal_pcd.o
                0x08001de0                HAL_PCD_Start
 .text.HAL_PCD_SetAddress
                0x08001e0e       0x28 build/stm32f1xx_hal_pcd.o
                0x08001e0e                HAL_PCD_SetAddress
 .text.HAL_PCD_EP_Open
                0x08001e36       0x52 build/stm32f1xx_hal_pcd.o
                0x08001e36                HAL_PCD_EP_Open
 .text.HAL_PCD_EP_Close
                0x08001e88       0x4e build/stm32f1xx_hal_pcd.o
                0x08001e88                HAL_PCD_EP_Close
 .text.HAL_PCD_EP_Receive
                0x08001ed6       0x3e build/stm32f1xx_hal_pcd.o
                0x08001ed6                HAL_PCD_EP_Receive
 .text.HAL_PCD_EP_GetRxCount
                0x08001f14        0xe build/stm32f1xx_hal_pcd.o
                0x08001f14                HAL_PCD_EP_GetRxCount
 .text.HAL_PCD_EP_Transmit
                0x08001f22       0x3c build/stm32f1xx_hal_pcd.o
                0x08001f22                HAL_PCD_EP_Transmit
 .text.PCD_EP_ISR_Handler
                0x08001f5e      0x444 build/stm32f1xx_hal_pcd.o
 .text.HAL_PCD_IRQHandler
                0x080023a2      0x160 build/stm32f1xx_hal_pcd.o
                0x080023a2                HAL_PCD_IRQHandler
 .text.HAL_PCD_EP_SetStall
                0x08002502       0x5c build/stm32f1xx_hal_pcd.o
                0x08002502                HAL_PCD_EP_SetStall
 .text.HAL_PCD_EP_ClrStall
                0x0800255e       0x4e build/stm32f1xx_hal_pcd.o
                0x0800255e                HAL_PCD_EP_ClrStall
 .text.HAL_PCDEx_PMAConfig
                0x080025ac       0x30 build/stm32f1xx_hal_pcd_ex.o
                0x080025ac                HAL_PCDEx_PMAConfig
 .text.RCC_Delay
                0x080025dc       0x2c build/stm32f1xx_hal_rcc.o
 .text.HAL_RCC_OscConfig
                0x08002608      0x3dc build/stm32f1xx_hal_rcc.o
                0x08002608                HAL_RCC_OscConfig
 .text.HAL_RCC_GetSysClockFreq
                0x080029e4       0x70 build/stm32f1xx_hal_rcc.o
                0x080029e4                HAL_RCC_GetSysClockFreq
 .text.HAL_RCC_ClockConfig
                0x08002a54      0x19c build/stm32f1xx_hal_rcc.o
                0x08002a54                HAL_RCC_ClockConfig
 .text.HAL_RCC_GetHCLKFreq
                0x08002bf0        0xc build/stm32f1xx_hal_rcc.o
                0x08002bf0                HAL_RCC_GetHCLKFreq
 .text.HAL_RCC_GetPCLK1Freq
                0x08002bfc       0x20 build/stm32f1xx_hal_rcc.o
                0x08002bfc                HAL_RCC_GetPCLK1Freq
 .text.HAL_RCC_GetPCLK2Freq
                0x08002c1c       0x20 build/stm32f1xx_hal_rcc.o
                0x08002c1c                HAL_RCC_GetPCLK2Freq
 .text.HAL_RCCEx_PeriphCLKConfig
                0x08002c3c      0x114 build/stm32f1xx_hal_rcc_ex.o
                0x08002c3c                HAL_RCCEx_PeriphCLKConfig
 .text.TIM_TI1_ConfigInputStage
                0x08002d50       0x24 build/stm32f1xx_hal_tim.o
 .text.TIM_TI2_ConfigInputStage
                0x08002d74       0x26 build/stm32f1xx_hal_tim.o
 .text.TIM_ITRx_SetConfig
                0x08002d9a       0x10 build/stm32f1xx_hal_tim.o
 .text.TIM_ETR_SetConfig
                0x08002daa       0x16 build/stm32f1xx_hal_tim.o
 .text.HAL_TIM_Base_Start_IT
                0x08002dc0       0x18 build/stm32f1xx_hal_tim.o
                0x08002dc0                HAL_TIM_Base_Start_IT
 .text.HAL_TIM_ConfigClockSource
                0x08002dd8      0x108 build/stm32f1xx_hal_tim.o
                0x08002dd8                HAL_TIM_ConfigClockSource
 .text.HAL_TIM_OC_DelayElapsedCallback
                0x08002ee0        0x2 build/stm32f1xx_hal_tim.o
                0x08002ee0                HAL_TIM_OC_DelayElapsedCallback
 .text.HAL_TIM_IC_CaptureCallback
                0x08002ee2        0x2 build/stm32f1xx_hal_tim.o
                0x08002ee2                HAL_TIM_IC_CaptureCallback
 .text.HAL_TIM_PWM_PulseFinishedCallback
                0x08002ee4        0x2 build/stm32f1xx_hal_tim.o
                0x08002ee4                HAL_TIM_PWM_PulseFinishedCallback
 .text.HAL_TIM_TriggerCallback
                0x08002ee6        0x2 build/stm32f1xx_hal_tim.o
                0x08002ee6                HAL_TIM_TriggerCallback
 .text.HAL_TIM_IRQHandler
                0x08002ee8      0x17a build/stm32f1xx_hal_tim.o
                0x08002ee8                HAL_TIM_IRQHandler
 *fill*         0x08003062        0x2 
 .text.TIM_Base_SetConfig
                0x08003064       0x74 build/stm32f1xx_hal_tim.o
                0x08003064                TIM_Base_SetConfig
 .text.HAL_TIM_Base_Init
                0x080030d8       0x32 build/stm32f1xx_hal_tim.o
                0x080030d8                HAL_TIM_Base_Init
 .text.HAL_TIMEx_MasterConfigSynchronization
                0x0800310a       0x52 build/stm32f1xx_hal_tim_ex.o
                0x0800310a                HAL_TIMEx_MasterConfigSynchronization
 .text.HAL_TIMEx_CommutationCallback
                0x0800315c        0x2 build/stm32f1xx_hal_tim_ex.o
                0x0800315c                HAL_TIMEx_CommutationCallback
 .text.HAL_TIMEx_BreakCallback
                0x0800315e        0x2 build/stm32f1xx_hal_tim_ex.o
                0x0800315e                HAL_TIMEx_BreakCallback
 .text.UART_SetConfig
                0x08003160      0x1ac build/stm32f1xx_hal_uart.o
 .text.UART_WaitOnFlagUntilTimeout
                0x0800330c       0x62 build/stm32f1xx_hal_uart.o
 .text.HAL_UART_Init
                0x0800336e       0x5e build/stm32f1xx_hal_uart.o
                0x0800336e                HAL_UART_Init
 .text.HAL_UART_Transmit
                0x080033cc       0xe0 build/stm32f1xx_hal_uart.o
                0x080033cc                HAL_UART_Transmit
 .text.USB_CoreInit
                0x080034ac        0xe build/stm32f1xx_ll_usb.o
                0x080034ac                USB_CoreInit
 .text.USB_EnableGlobalInt
                0x080034ba       0x10 build/stm32f1xx_ll_usb.o
                0x080034ba                USB_EnableGlobalInt
 .text.USB_DisableGlobalInt
                0x080034ca       0x14 build/stm32f1xx_ll_usb.o
                0x080034ca                USB_DisableGlobalInt
 .text.USB_SetCurrentMode
                0x080034de        0x4 build/stm32f1xx_ll_usb.o
                0x080034de                USB_SetCurrentMode
 .text.USB_DevInit
                0x080034e2       0x2c build/stm32f1xx_ll_usb.o
                0x080034e2                USB_DevInit
 .text.USB_ActivateEndpoint
                0x0800350e      0x328 build/stm32f1xx_ll_usb.o
                0x0800350e                USB_ActivateEndpoint
 .text.USB_DeactivateEndpoint
                0x08003836      0x1c4 build/stm32f1xx_ll_usb.o
                0x08003836                USB_DeactivateEndpoint
 .text.USB_EPSetStall
                0x080039fa       0x6e build/stm32f1xx_ll_usb.o
                0x080039fa                USB_EPSetStall
 .text.USB_EPClearStall
                0x08003a68       0x92 build/stm32f1xx_ll_usb.o
                0x08003a68                USB_EPClearStall
 .text.USB_SetDevAddress
                0x08003afa        0xc build/stm32f1xx_ll_usb.o
                0x08003afa                USB_SetDevAddress
 .text.USB_DevConnect
                0x08003b06        0x4 build/stm32f1xx_ll_usb.o
                0x08003b06                USB_DevConnect
 .text.USB_DevDisconnect
                0x08003b0a        0x4 build/stm32f1xx_ll_usb.o
                0x08003b0a                USB_DevDisconnect
 .text.USB_ReadInterrupts
                0x08003b0e        0x6 build/stm32f1xx_ll_usb.o
                0x08003b0e                USB_ReadInterrupts
 .text.USB_EP0_OutStart
                0x08003b14        0x4 build/stm32f1xx_ll_usb.o
                0x08003b14                USB_EP0_OutStart
 .text.USB_WritePMA
                0x08003b18       0x2a build/stm32f1xx_ll_usb.o
                0x08003b18                USB_WritePMA
 .text.USB_EPStartXfer
                0x08003b42      0x2ba build/stm32f1xx_ll_usb.o
                0x08003b42                USB_EPStartXfer
 .text.USB_ReadPMA
                0x08003dfc       0x1e build/stm32f1xx_ll_usb.o
                0x08003dfc                USB_ReadPMA
 .text.USBD_CDC_DataIn
                0x08003e1a       0x12 build/usbd_cdc.o
 .text.USBD_CDC_EP0_RxReady
                0x08003e2c       0x28 build/usbd_cdc.o
 .text.USBD_CDC_GetFSCfgDesc
                0x08003e54        0xc build/usbd_cdc.o
 .text.USBD_CDC_GetHSCfgDesc
                0x08003e60        0xc build/usbd_cdc.o
 .text.USBD_CDC_GetOtherSpeedCfgDesc
                0x08003e6c        0xc build/usbd_cdc.o
 .text.USBD_CDC_GetDeviceQualifierDescriptor
                0x08003e78        0xc build/usbd_cdc.o
                0x08003e78                USBD_CDC_GetDeviceQualifierDescriptor
 .text.USBD_CDC_DataOut
                0x08003e84       0x2e build/usbd_cdc.o
 *fill*         0x08003eb2        0x2 
 .text.USBD_CDC_Setup
                0x08003eb4       0x74 build/usbd_cdc.o
 .text.USBD_CDC_DeInit
                0x08003f28       0x3a build/usbd_cdc.o
 .text.USBD_CDC_Init
                0x08003f62       0x96 build/usbd_cdc.o
 .text.USBD_CDC_RegisterInterface
                0x08003ff8        0xe build/usbd_cdc.o
                0x08003ff8                USBD_CDC_RegisterInterface
 .text.USBD_CDC_SetTxBuffer
                0x08004006       0x10 build/usbd_cdc.o
                0x08004006                USBD_CDC_SetTxBuffer
 .text.USBD_CDC_SetRxBuffer
                0x08004016        0xc build/usbd_cdc.o
                0x08004016                USBD_CDC_SetRxBuffer
 .text.USBD_CDC_ReceivePacket
                0x08004022       0x32 build/usbd_cdc.o
                0x08004022                USBD_CDC_ReceivePacket
 .text.USBD_Init
                0x08004054       0x2e build/usbd_core.o
                0x08004054                USBD_Init
 .text.USBD_RegisterClass
                0x08004082        0xe build/usbd_core.o
                0x08004082                USBD_RegisterClass
 .text.USBD_Start
                0x08004090        0xa build/usbd_core.o
                0x08004090                USBD_Start
 .text.USBD_SetClassConfig
                0x0800409a       0x1a build/usbd_core.o
                0x0800409a                USBD_SetClassConfig
 .text.USBD_ClrClassConfig
                0x080040b4        0xe build/usbd_core.o
                0x080040b4                USBD_ClrClassConfig
 .text.USBD_LL_SetupStage
                0x080040c2       0x5a build/usbd_core.o
                0x080040c2                USBD_LL_SetupStage
 .text.USBD_LL_DataOutStage
                0x0800411c       0x6a build/usbd_core.o
                0x0800411c                USBD_LL_DataOutStage
 .text.USBD_LL_DataInStage
                0x08004186       0xb0 build/usbd_core.o
                0x08004186                USBD_LL_DataInStage
 .text.USBD_LL_Reset
                0x08004236       0x3e build/usbd_core.o
                0x08004236                USBD_LL_Reset
 .text.USBD_LL_SetSpeed
                0x08004274        0x6 build/usbd_core.o
                0x08004274                USBD_LL_SetSpeed
 .text.USBD_LL_Suspend
                0x0800427a       0x12 build/usbd_core.o
                0x0800427a                USBD_LL_Suspend
 .text.USBD_LL_Resume
                0x0800428c        0xc build/usbd_core.o
                0x0800428c                USBD_LL_Resume
 .text.USBD_LL_SOF
                0x08004298       0x1c build/usbd_core.o
                0x08004298                USBD_LL_SOF
 .text.USBD_GetLen
                0x080042b4       0x14 build/usbd_ctlreq.o
 .text.USBD_SetFeature
                0x080042c8       0x20 build/usbd_ctlreq.o
 .text.USBD_ParseSetupRequest
                0x080042e8       0x28 build/usbd_ctlreq.o
                0x080042e8                USBD_ParseSetupRequest
 .text.USBD_CtlError
                0x08004310       0x14 build/usbd_ctlreq.o
                0x08004310                USBD_CtlError
 .text.USBD_GetDescriptor
                0x08004324      0x132 build/usbd_ctlreq.o
 .text.USBD_SetAddress
                0x08004456       0x4a build/usbd_ctlreq.o
 .text.USBD_SetConfig
                0x080044a0       0xa4 build/usbd_ctlreq.o
 .text.USBD_GetConfig
                0x08004544       0x3a build/usbd_ctlreq.o
 .text.USBD_GetStatus
                0x0800457e       0x2c build/usbd_ctlreq.o
 .text.USBD_ClrFeature
                0x080045aa       0x30 build/usbd_ctlreq.o
 .text.USBD_StdDevReq
                0x080045da       0x48 build/usbd_ctlreq.o
                0x080045da                USBD_StdDevReq
 .text.USBD_StdItfReq
                0x08004622       0x38 build/usbd_ctlreq.o
                0x08004622                USBD_StdItfReq
 .text.USBD_StdEPReq
                0x0800465a      0x118 build/usbd_ctlreq.o
                0x0800465a                USBD_StdEPReq
 .text.USBD_GetString
                0x08004772       0x3a build/usbd_ctlreq.o
                0x08004772                USBD_GetString
 .text.USBD_CtlSendData
                0x080047ac       0x1a build/usbd_ioreq.o
                0x080047ac                USBD_CtlSendData
 .text.USBD_CtlContinueSendData
                0x080047c6       0x10 build/usbd_ioreq.o
                0x080047c6                USBD_CtlContinueSendData
 .text.USBD_CtlPrepareRx
                0x080047d6       0x1e build/usbd_ioreq.o
                0x080047d6                USBD_CtlPrepareRx
 .text.USBD_CtlContinueRx
                0x080047f4       0x10 build/usbd_ioreq.o
                0x080047f4                USBD_CtlContinueRx
 .text.USBD_CtlSendStatus
                0x08004804       0x16 build/usbd_ioreq.o
                0x08004804                USBD_CtlSendStatus
 .text.USBD_CtlReceiveStatus
                0x0800481a       0x16 build/usbd_ioreq.o
                0x0800481a                USBD_CtlReceiveStatus
 .text.MX_CRC_Init
                0x08004830       0x20 build/crc.o
                0x08004830                MX_CRC_Init
 .text.HAL_CRC_MspInit
                0x08004850       0x2c build/crc.o
                0x08004850                HAL_CRC_MspInit
 .text.MX_GPIO_Init
                0x0800487c       0xd8 build/gpio.o
                0x0800487c                MX_GPIO_Init
 .text.MX_I2C1_Init
                0x08004954       0x3c build/i2c.o
                0x08004954                MX_I2C1_Init
 .text.HAL_I2C_MspInit
                0x08004990       0x84 build/i2c.o
                0x08004990                HAL_I2C_MspInit
 .text.SystemClock_Config
                0x08004a14       0x66 build/main.o
                0x08004a14                SystemClock_Config
 *fill*         0x08004a7a        0x2 
 .text.main     0x08004a7c      0x114 build/main.o
                0x08004a7c                main
 .text.HAL_TIM_PeriodElapsedCallback
                0x08004b90       0x28 build/main.o
                0x08004b90                HAL_TIM_PeriodElapsedCallback
 .text.HAL_I2C_MemRxCpltCallback
                0x08004bb8       0x6c build/main.o
                0x08004bb8                HAL_I2C_MemRxCpltCallback
 .text.Error_Handler
                0x08004c24        0x2 build/main.o
                0x08004c24                Error_Handler
 *fill*         0x08004c26        0x2 
 .text.HAL_MspInit
                0x08004c28       0x44 build/stm32f1xx_hal_msp.o
                0x08004c28                HAL_MspInit
 .text.NMI_Handler
                0x08004c6c        0x2 build/stm32f1xx_it.o
                0x08004c6c                NMI_Handler
 .text.HardFault_Handler
                0x08004c6e        0x2 build/stm32f1xx_it.o
                0x08004c6e                HardFault_Handler
 .text.MemManage_Handler
                0x08004c70        0x2 build/stm32f1xx_it.o
                0x08004c70                MemManage_Handler
 .text.BusFault_Handler
                0x08004c72        0x2 build/stm32f1xx_it.o
                0x08004c72                BusFault_Handler
 .text.UsageFault_Handler
                0x08004c74        0x2 build/stm32f1xx_it.o
                0x08004c74                UsageFault_Handler
 .text.SVC_Handler
                0x08004c76        0x2 build/stm32f1xx_it.o
                0x08004c76                SVC_Handler
 .text.DebugMon_Handler
                0x08004c78        0x2 build/stm32f1xx_it.o
                0x08004c78                DebugMon_Handler
 .text.PendSV_Handler
                0x08004c7a        0x2 build/stm32f1xx_it.o
                0x08004c7a                PendSV_Handler
 .text.SysTick_Handler
                0x08004c7c        0x8 build/stm32f1xx_it.o
                0x08004c7c                SysTick_Handler
 .text.USB_LP_CAN1_RX0_IRQHandler
                0x08004c84       0x10 build/stm32f1xx_it.o
                0x08004c84                USB_LP_CAN1_RX0_IRQHandler
 .text.TIM3_IRQHandler
                0x08004c94       0x10 build/stm32f1xx_it.o
                0x08004c94                TIM3_IRQHandler
 .text.I2C1_EV_IRQHandler
                0x08004ca4       0x10 build/stm32f1xx_it.o
                0x08004ca4                I2C1_EV_IRQHandler
 .text.I2C1_ER_IRQHandler
                0x08004cb4       0x10 build/stm32f1xx_it.o
                0x08004cb4                I2C1_ER_IRQHandler
 .text.SystemInit
                0x08004cc4       0x4c build/system_stm32f1xx.o
                0x08004cc4                SystemInit
 .text.MX_TIM3_Init
                0x08004d10       0x70 build/tim.o
                0x08004d10                MX_TIM3_Init
 .text.HAL_TIM_Base_MspInit
                0x08004d80       0x40 build/tim.o
                0x08004d80                HAL_TIM_Base_MspInit
 .text.MX_USART1_UART_Init
                0x08004dc0       0x34 build/usart.o
                0x08004dc0                MX_USART1_UART_Init
 .text.HAL_UART_MspInit
                0x08004df4       0x78 build/usart.o
                0x08004df4                HAL_UART_MspInit
 .text.MX_USB_DEVICE_Init
                0x08004e6c       0x54 build/usb_device.o
                0x08004e6c                MX_USB_DEVICE_Init
 .text.CDC_DeInit_FS
                0x08004ec0        0x4 build/usbd_cdc_if.o
 .text.CDC_Control_FS
                0x08004ec4        0x4 build/usbd_cdc_if.o
 .text.CDC_Receive_FS
                0x08004ec8       0x1c build/usbd_cdc_if.o
 .text.CDC_Init_FS
                0x08004ee4       0x28 build/usbd_cdc_if.o
 .text.USBD_Get_USB_Status
                0x08004f0c       0x12 build/usbd_conf.o
 *fill*         0x08004f1e        0x2 
 .text.HAL_PCD_MspInit
                0x08004f20       0x40 build/usbd_conf.o
                0x08004f20                HAL_PCD_MspInit
 .text.HAL_PCD_SetupStageCallback
                0x08004f60       0x10 build/usbd_conf.o
                0x08004f60                HAL_PCD_SetupStageCallback
 .text.HAL_PCD_DataOutStageCallback
                0x08004f70       0x14 build/usbd_conf.o
                0x08004f70                HAL_PCD_DataOutStageCallback
 .text.HAL_PCD_DataInStageCallback
                0x08004f84       0x12 build/usbd_conf.o
                0x08004f84                HAL_PCD_DataInStageCallback
 .text.HAL_PCD_SOFCallback
                0x08004f96        0xc build/usbd_conf.o
                0x08004f96                HAL_PCD_SOFCallback
 .text.HAL_PCD_ResetCallback
                0x08004fa2       0x22 build/usbd_conf.o
                0x08004fa2                HAL_PCD_ResetCallback
 .text.HAL_PCD_SuspendCallback
                0x08004fc4       0x20 build/usbd_conf.o
                0x08004fc4                HAL_PCD_SuspendCallback
 .text.HAL_PCD_ResumeCallback
                0x08004fe4        0xc build/usbd_conf.o
                0x08004fe4                HAL_PCD_ResumeCallback
 .text.USBD_LL_Init
                0x08004ff0       0x84 build/usbd_conf.o
                0x08004ff0                USBD_LL_Init
 .text.USBD_LL_Start
                0x08005074       0x10 build/usbd_conf.o
                0x08005074                USBD_LL_Start
 .text.USBD_LL_OpenEP
                0x08005084       0x16 build/usbd_conf.o
                0x08005084                USBD_LL_OpenEP
 .text.USBD_LL_CloseEP
                0x0800509a       0x10 build/usbd_conf.o
                0x0800509a                USBD_LL_CloseEP
 .text.USBD_LL_StallEP
                0x080050aa       0x10 build/usbd_conf.o
                0x080050aa                USBD_LL_StallEP
 .text.USBD_LL_ClearStallEP
                0x080050ba       0x10 build/usbd_conf.o
                0x080050ba                USBD_LL_ClearStallEP
 .text.USBD_LL_IsStallEP
                0x080050ca       0x26 build/usbd_conf.o
                0x080050ca                USBD_LL_IsStallEP
 .text.USBD_LL_SetUSBAddress
                0x080050f0       0x10 build/usbd_conf.o
                0x080050f0                USBD_LL_SetUSBAddress
 .text.USBD_LL_Transmit
                0x08005100       0x10 build/usbd_conf.o
                0x08005100                USBD_LL_Transmit
 .text.USBD_LL_PrepareReceive
                0x08005110       0x10 build/usbd_conf.o
                0x08005110                USBD_LL_PrepareReceive
 .text.USBD_LL_GetRxDataSize
                0x08005120        0xc build/usbd_conf.o
                0x08005120                USBD_LL_GetRxDataSize
 .text.USBD_static_malloc
                0x0800512c        0x8 build/usbd_conf.o
                0x0800512c                USBD_static_malloc
 .text.USBD_static_free
                0x08005134        0x2 build/usbd_conf.o
                0x08005134                USBD_static_free
 .text.HAL_PCDEx_SetConnectionState
                0x08005136        0x2 build/usbd_conf.o
                0x08005136                HAL_PCDEx_SetConnectionState
 .text.USBD_FS_DeviceDescriptor
                0x08005138        0xc build/usbd_desc.o
                0x08005138                USBD_FS_DeviceDescriptor
 .text.USBD_FS_LangIDStrDescriptor
                0x08005144        0xc build/usbd_desc.o
                0x08005144                USBD_FS_LangIDStrDescriptor
 .text.IntToUnicode
                0x08005150       0x36 build/usbd_desc.o
 *fill*         0x08005186        0x2 
 .text.Get_SerialNum
                0x08005188       0x34 build/usbd_desc.o
 .text.USBD_FS_SerialStrDescriptor
                0x080051bc       0x14 build/usbd_desc.o
                0x080051bc                USBD_FS_SerialStrDescriptor
 .text.USBD_FS_ProductStrDescriptor
                0x080051d0       0x24 build/usbd_desc.o
                0x080051d0                USBD_FS_ProductStrDescriptor
 .text.USBD_FS_ManufacturerStrDescriptor
                0x080051f4       0x1c build/usbd_desc.o
                0x080051f4                USBD_FS_ManufacturerStrDescriptor
 .text.USBD_FS_ConfigStrDescriptor
                0x08005210       0x24 build/usbd_desc.o
                0x08005210                USBD_FS_ConfigStrDescriptor
 .text.USBD_FS_InterfaceStrDescriptor
                0x08005234       0x24 build/usbd_desc.o
                0x08005234                USBD_FS_InterfaceStrDescriptor
 .text._sbrk    0x08005258       0x48 build/syscalls.o
                0x08005258                _sbrk
 .text.Reset_Handler
                0x080052a0       0x48 build/startup_stm32f103xb.o
                0x080052a0                Reset_Handler
 .text.Default_Handler
                0x080052e8        0x2 build/startup_stm32f103xb.o
                0x080052e8                RTC_Alarm_IRQHandler
                0x080052e8                EXTI2_IRQHandler
                0x080052e8                TIM1_CC_IRQHandler
                0x080052e8                PVD_IRQHandler
                0x080052e8                EXTI3_IRQHandler
                0x080052e8                EXTI0_IRQHandler
                0x080052e8                I2C2_EV_IRQHandler
                0x080052e8                ADC1_2_IRQHandler
                0x080052e8                SPI1_IRQHandler
                0x080052e8                TAMPER_IRQHandler
                0x080052e8                DMA1_Channel4_IRQHandler
                0x080052e8                USART3_IRQHandler
                0x080052e8                RTC_IRQHandler
                0x080052e8                DMA1_Channel7_IRQHandler
                0x080052e8                CAN1_RX1_IRQHandler
                0x080052e8                TIM4_IRQHandler
                0x080052e8                DMA1_Channel6_IRQHandler
                0x080052e8                RCC_IRQHandler
                0x080052e8                TIM1_TRG_COM_IRQHandler
                0x080052e8                DMA1_Channel1_IRQHandler
                0x080052e8                Default_Handler
                0x080052e8                EXTI15_10_IRQHandler
                0x080052e8                EXTI9_5_IRQHandler
                0x080052e8                SPI2_IRQHandler
                0x080052e8                DMA1_Channel5_IRQHandler
                0x080052e8                EXTI4_IRQHandler
                0x080052e8                USB_HP_CAN1_TX_IRQHandler
                0x080052e8                DMA1_Channel3_IRQHandler
                0x080052e8                TIM1_UP_IRQHandler
                0x080052e8                WWDG_IRQHandler
                0x080052e8                TIM2_IRQHandler
                0x080052e8                TIM1_BRK_IRQHandler
                0x080052e8                EXTI1_IRQHandler
                0x080052e8                USART2_IRQHandler
                0x080052e8                I2C2_ER_IRQHandler
                0x080052e8                DMA1_Channel2_IRQHandler
                0x080052e8                CAN1_SCE_IRQHandler
                0x080052e8                FLASH_IRQHandler
                0x080052e8                USART1_IRQHandler
                0x080052e8                USBWakeUp_IRQHandler
 *fill*         0x080052ea        0x2 
 .text.__errno  0x080052ec        0xc c:/program files (x86)/embedded toolchain/gnu tools arm embedded/7 2017-q4-major/bin/../lib/gcc/arm-none-eabi/7.2.1/../../../../arm-none-eabi/lib/thumb/v7-m\libc_nano.a(lib_a-errno.o)
                0x080052ec                __errno
 .text.__libc_init_array
                0x080052f8       0x48 c:/program files (x86)/embedded toolchain/gnu tools arm embedded/7 2017-q4-major/bin/../lib/gcc/arm-none-eabi/7.2.1/../../../../arm-none-eabi/lib/thumb/v7-m\libc_nano.a(lib_a-init.o)
                0x080052f8                __libc_init_array
 .text.sprintf  0x08005340       0x40 c:/program files (x86)/embedded toolchain/gnu tools arm embedded/7 2017-q4-major/bin/../lib/gcc/arm-none-eabi/7.2.1/../../../../arm-none-eabi/lib/thumb/v7-m\libc_nano.a(lib_a-sprintf.o)
                0x08005340                siprintf
                0x08005340                sprintf
 .text.__ssputs_r
                0x08005380       0xb4 c:/program files (x86)/embedded toolchain/gnu tools arm embedded/7 2017-q4-major/bin/../lib/gcc/arm-none-eabi/7.2.1/../../../../arm-none-eabi/lib/thumb/v7-m\libc_nano.a(lib_a-nano-svfprintf.o)
                0x08005380                __ssputs_r
 .text._svfprintf_r
                0x08005434      0x1ec c:/program files (x86)/embedded toolchain/gnu tools arm embedded/7 2017-q4-major/bin/../lib/gcc/arm-none-eabi/7.2.1/../../../../arm-none-eabi/lib/thumb/v7-m\libc_nano.a(lib_a-nano-svfprintf.o)
                0x08005434                _svfiprintf_r
                0x08005434                _svfprintf_r
 .text._printf_common
                0x08005620       0xec c:/program files (x86)/embedded toolchain/gnu tools arm embedded/7 2017-q4-major/bin/../lib/gcc/arm-none-eabi/7.2.1/../../../../arm-none-eabi/lib/thumb/v7-m\libc_nano.a(lib_a-nano-vfprintf_i.o)
                0x08005620                _printf_common
 .text._printf_i
                0x0800570c      0x224 c:/program files (x86)/embedded toolchain/gnu tools arm embedded/7 2017-q4-major/bin/../lib/gcc/arm-none-eabi/7.2.1/../../../../arm-none-eabi/lib/thumb/v7-m\libc_nano.a(lib_a-nano-vfprintf_i.o)
                0x0800570c                _printf_i
 .text.memchr   0x08005930       0x1c c:/program files (x86)/embedded toolchain/gnu tools arm embedded/7 2017-q4-major/bin/../lib/gcc/arm-none-eabi/7.2.1/../../../../arm-none-eabi/lib/thumb/v7-m\libc_nano.a(lib_a-memchr-stub.o)
                0x08005930                memchr
 .text.memcpy   0x0800594c       0x16 c:/program files (x86)/embedded toolchain/gnu tools arm embedded/7 2017-q4-major/bin/../lib/gcc/arm-none-eabi/7.2.1/../../../../arm-none-eabi/lib/thumb/v7-m\libc_nano.a(lib_a-memcpy-stub.o)
                0x0800594c                memcpy
 .text.memmove  0x08005962       0x32 c:/program files (x86)/embedded toolchain/gnu tools arm embedded/7 2017-q4-major/bin/../lib/gcc/arm-none-eabi/7.2.1/../../../../arm-none-eabi/lib/thumb/v7-m\libc_nano.a(lib_a-memmove.o)
                0x08005962                memmove
 .text._free_r  0x08005994       0x98 c:/program files (x86)/embedded toolchain/gnu tools arm embedded/7 2017-q4-major/bin/../lib/gcc/arm-none-eabi/7.2.1/../../../../arm-none-eabi/lib/thumb/v7-m\libc_nano.a(lib_a-nano-freer.o)
                0x08005994                _free_r
 .text._malloc_r
                0x08005a2c       0xb4 c:/program files (x86)/embedded toolchain/gnu tools arm embedded/7 2017-q4-major/bin/../lib/gcc/arm-none-eabi/7.2.1/../../../../arm-none-eabi/lib/thumb/v7-m\libc_nano.a(lib_a-nano-mallocr.o)
                0x08005a2c                _malloc_r
 .text._realloc_r
                0x08005ae0       0x4c c:/program files (x86)/embedded toolchain/gnu tools arm embedded/7 2017-q4-major/bin/../lib/gcc/arm-none-eabi/7.2.1/../../../../arm-none-eabi/lib/thumb/v7-m\libc_nano.a(lib_a-nano-reallocr.o)
                0x08005ae0                _realloc_r
 .text._sbrk_r  0x08005b2c       0x20 c:/program files (x86)/embedded toolchain/gnu tools arm embedded/7 2017-q4-major/bin/../lib/gcc/arm-none-eabi/7.2.1/../../../../arm-none-eabi/lib/thumb/v7-m\libc_nano.a(lib_a-sbrkr.o)
                0x08005b2c                _sbrk_r
 .text.__malloc_lock
                0x08005b4c        0x2 c:/program files (x86)/embedded toolchain/gnu tools arm embedded/7 2017-q4-major/bin/../lib/gcc/arm-none-eabi/7.2.1/../../../../arm-none-eabi/lib/thumb/v7-m\libc_nano.a(lib_a-mlock.o)
                0x08005b4c                __malloc_lock
 .text.__malloc_unlock
                0x08005b4e        0x2 c:/program files (x86)/embedded toolchain/gnu tools arm embedded/7 2017-q4-major/bin/../lib/gcc/arm-none-eabi/7.2.1/../../../../arm-none-eabi/lib/thumb/v7-m\libc_nano.a(lib_a-mlock.o)
                0x08005b4e                __malloc_unlock
 .text._malloc_usable_size_r
                0x08005b50       0x10 c:/program files (x86)/embedded toolchain/gnu tools arm embedded/7 2017-q4-major/bin/../lib/gcc/arm-none-eabi/7.2.1/../../../../arm-none-eabi/lib/thumb/v7-m\libc_nano.a(lib_a-nano-msizer.o)
                0x08005b50                _malloc_usable_size_r
 *(.glue_7)
 .glue_7        0x08005b60        0x0 linker stubs
 *(.glue_7t)
 .glue_7t       0x08005b60        0x0 linker stubs
 *(.eh_frame)
 .eh_frame      0x08005b60        0x0 c:/program files (x86)/embedded toolchain/gnu tools arm embedded/7 2017-q4-major/bin/../lib/gcc/arm-none-eabi/7.2.1/thumb/v7-m/crtbegin.o
 *(.init)
 .init          0x08005b60        0x4 c:/program files (x86)/embedded toolchain/gnu tools arm embedded/7 2017-q4-major/bin/../lib/gcc/arm-none-eabi/7.2.1/thumb/v7-m/crti.o
                0x08005b60                _init
 .init          0x08005b64        0x8 c:/program files (x86)/embedded toolchain/gnu tools arm embedded/7 2017-q4-major/bin/../lib/gcc/arm-none-eabi/7.2.1/thumb/v7-m/crtn.o
 *(.fini)
 .fini          0x08005b6c        0x4 c:/program files (x86)/embedded toolchain/gnu tools arm embedded/7 2017-q4-major/bin/../lib/gcc/arm-none-eabi/7.2.1/thumb/v7-m/crti.o
                0x08005b6c                _fini
 .fini          0x08005b70        0x8 c:/program files (x86)/embedded toolchain/gnu tools arm embedded/7 2017-q4-major/bin/../lib/gcc/arm-none-eabi/7.2.1/thumb/v7-m/crtn.o
                0x08005b78                . = ALIGN (0x4)
                0x08005b78                _etext = .

.vfp11_veneer   0x08005b78        0x0
 .vfp11_veneer  0x08005b78        0x0 linker stubs

.v4_bx          0x08005b78        0x0
 .v4_bx         0x08005b78        0x0 linker stubs

.iplt           0x08005b78        0x0
 .iplt          0x08005b78        0x0 c:/program files (x86)/embedded toolchain/gnu tools arm embedded/7 2017-q4-major/bin/../lib/gcc/arm-none-eabi/7.2.1/thumb/v7-m/crtbegin.o

.rodata         0x08005b78       0xc8
                0x08005b78                . = ALIGN (0x4)
 *(.rodata)
 .rodata        0x08005b78       0x12 build/stm32f1xx_hal_rcc.o
 *(.rodata*)
 *fill*         0x08005b8a        0x2 
 .rodata.HAL_I2C_MemRxCpltCallback.str1.4
                0x08005b8c        0x7 build/main.o
 *fill*         0x08005b93        0x1 
 .rodata.main.str1.4
                0x08005b94       0x17 build/main.o
 *fill*         0x08005bab        0x1 
 .rodata.AHBPrescTable
                0x08005bac       0x10 build/system_stm32f1xx.o
                0x08005bac                AHBPrescTable
 .rodata.APBPrescTable
                0x08005bbc        0x8 build/system_stm32f1xx.o
                0x08005bbc                APBPrescTable
 .rodata.USBD_FS_ConfigStrDescriptor.str1.4
                0x08005bc4        0xb build/usbd_desc.o
 *fill*         0x08005bcf        0x1 
 .rodata.USBD_FS_InterfaceStrDescriptor.str1.4
                0x08005bd0        0xe build/usbd_desc.o
 *fill*         0x08005bde        0x2 
 .rodata.USBD_FS_ManufacturerStrDescriptor.str1.4
                0x08005be0       0x13 build/usbd_desc.o
 *fill*         0x08005bf3        0x1 
 .rodata.USBD_FS_ProductStrDescriptor.str1.4
                0x08005bf4       0x18 build/usbd_desc.o
                                 0x16 (size before relaxing)
 .rodata._svfprintf_r.str1.1
                0x08005c0c       0x11 c:/program files (x86)/embedded toolchain/gnu tools arm embedded/7 2017-q4-major/bin/../lib/gcc/arm-none-eabi/7.2.1/../../../../arm-none-eabi/lib/thumb/v7-m\libc_nano.a(lib_a-nano-svfprintf.o)
 .rodata._printf_i.str1.1
                0x08005c1d       0x22 c:/program files (x86)/embedded toolchain/gnu tools arm embedded/7 2017-q4-major/bin/../lib/gcc/arm-none-eabi/7.2.1/../../../../arm-none-eabi/lib/thumb/v7-m\libc_nano.a(lib_a-nano-vfprintf_i.o)
                0x08005c40                . = ALIGN (0x4)
 *fill*         0x08005c3f        0x1 

.rel.dyn        0x08005c40        0x0
 .rel.iplt      0x08005c40        0x0 c:/program files (x86)/embedded toolchain/gnu tools arm embedded/7 2017-q4-major/bin/../lib/gcc/arm-none-eabi/7.2.1/thumb/v7-m/crtbegin.o

.ARM.extab
 *(.ARM.extab* .gnu.linkonce.armextab.*)

.ARM            0x08005c40        0x0
                0x08005c40                __exidx_start = .
 *(.ARM.exidx*)
                0x08005c40                __exidx_end = .

.preinit_array  0x08005c40        0x0
                0x08005c40                PROVIDE (__preinit_array_start, .)
 *(.preinit_array*)
                0x08005c40                PROVIDE (__preinit_array_end, .)

.init_array     0x08005c40        0x4
                0x08005c40                PROVIDE (__init_array_start, .)
 *(SORT_BY_NAME(.init_array.*))
 *(.init_array*)
 .init_array    0x08005c40        0x4 c:/program files (x86)/embedded toolchain/gnu tools arm embedded/7 2017-q4-major/bin/../lib/gcc/arm-none-eabi/7.2.1/thumb/v7-m/crtbegin.o
                0x08005c44                PROVIDE (__init_array_end, .)

.fini_array     0x08005c44        0x4
                [!provide]                PROVIDE (__fini_array_start, .)
 *(SORT_BY_NAME(.fini_array.*))
 *(.fini_array*)
 .fini_array    0x08005c44        0x4 c:/program files (x86)/embedded toolchain/gnu tools arm embedded/7 2017-q4-major/bin/../lib/gcc/arm-none-eabi/7.2.1/thumb/v7-m/crtbegin.o
                [!provide]                PROVIDE (__fini_array_end, .)
                0x08005c48                _sidata = LOADADDR (.data)

.data           0x20000000      0x1e0 load address 0x08005c48
                0x20000000                . = ALIGN (0x4)
                0x20000000                _sdata = .
 *(.data)
 *(.data*)
 .data.uwTickFreq
                0x20000000        0x1 build/stm32f1xx_hal.o
                0x20000000                uwTickFreq
 *fill*         0x20000001        0x3 
 .data.uwTickPrio
                0x20000004        0x4 build/stm32f1xx_hal.o
                0x20000004                uwTickPrio
 .data.USBD_CDC
                0x20000008       0x38 build/usbd_cdc.o
                0x20000008                USBD_CDC
 .data.USBD_CDC_CfgFSDesc
                0x20000040       0x43 build/usbd_cdc.o
                0x20000040                USBD_CDC_CfgFSDesc
 *fill*         0x20000083        0x1 
 .data.USBD_CDC_CfgHSDesc
                0x20000084       0x43 build/usbd_cdc.o
                0x20000084                USBD_CDC_CfgHSDesc
 *fill*         0x200000c7        0x1 
 .data.USBD_CDC_DeviceQualifierDesc
                0x200000c8        0xa build/usbd_cdc.o
 *fill*         0x200000d2        0x2 
 .data.USBD_CDC_OtherSpeedCfgDesc
                0x200000d4       0x43 build/usbd_cdc.o
                0x200000d4                USBD_CDC_OtherSpeedCfgDesc
 *fill*         0x20000117        0x1 
 .data.SystemCoreClock
                0x20000118        0x4 build/system_stm32f1xx.o
                0x20000118                SystemCoreClock
 .data.USBD_Interface_fops_FS
                0x2000011c       0x10 build/usbd_cdc_if.o
                0x2000011c                USBD_Interface_fops_FS
 .data.FS_Desc  0x2000012c       0x1c build/usbd_desc.o
                0x2000012c                FS_Desc
 .data.USBD_FS_DeviceDesc
                0x20000148       0x12 build/usbd_desc.o
                0x20000148                USBD_FS_DeviceDesc
 *fill*         0x2000015a        0x2 
 .data.USBD_LangIDDesc
                0x2000015c        0x4 build/usbd_desc.o
                0x2000015c                USBD_LangIDDesc
 .data.USBD_StringSerial
                0x20000160       0x1a build/usbd_desc.o
                0x20000160                USBD_StringSerial
 *fill*         0x2000017a        0x2 
 .data._impure_ptr
                0x2000017c        0x4 c:/program files (x86)/embedded toolchain/gnu tools arm embedded/7 2017-q4-major/bin/../lib/gcc/arm-none-eabi/7.2.1/../../../../arm-none-eabi/lib/thumb/v7-m\libc_nano.a(lib_a-impure.o)
                0x2000017c                _impure_ptr
 .data.impure_data
                0x20000180       0x60 c:/program files (x86)/embedded toolchain/gnu tools arm embedded/7 2017-q4-major/bin/../lib/gcc/arm-none-eabi/7.2.1/../../../../arm-none-eabi/lib/thumb/v7-m\libc_nano.a(lib_a-impure.o)
                0x200001e0                . = ALIGN (0x4)
                0x200001e0                _edata = .

.igot.plt       0x200001e0        0x0 load address 0x08005e28
 .igot.plt      0x200001e0        0x0 c:/program files (x86)/embedded toolchain/gnu tools arm embedded/7 2017-q4-major/bin/../lib/gcc/arm-none-eabi/7.2.1/thumb/v7-m/crtbegin.o
                0x200001e0                . = ALIGN (0x4)

.bss            0x200001e0     0x1588 load address 0x08005e28
                0x200001e0                _sbss = .
                0x200001e0                __bss_start__ = _sbss
 *(.bss)
 .bss           0x200001e0       0x1c c:/program files (x86)/embedded toolchain/gnu tools arm embedded/7 2017-q4-major/bin/../lib/gcc/arm-none-eabi/7.2.1/thumb/v7-m/crtbegin.o
 *(.bss*)
 .bss.ifalt.8404
                0x200001fc        0x1 build/usbd_cdc.o
 .bss.cfgidx.8409
                0x200001fd        0x1 build/usbd_ctlreq.o
 .bss.count.8208
                0x200001fe        0x1 build/main.o
 *fill*         0x200001ff        0x1 
 .bss.mem.8492  0x20000200      0x220 build/usbd_conf.o
 .bss.heap_end.6047
                0x20000420        0x4 build/syscalls.o
 .bss.__malloc_free_list
                0x20000424        0x4 c:/program files (x86)/embedded toolchain/gnu tools arm embedded/7 2017-q4-major/bin/../lib/gcc/arm-none-eabi/7.2.1/../../../../arm-none-eabi/lib/thumb/v7-m\libc_nano.a(lib_a-nano-mallocr.o)
                0x20000424                __malloc_free_list
 .bss.__malloc_sbrk_start
                0x20000428        0x4 c:/program files (x86)/embedded toolchain/gnu tools arm embedded/7 2017-q4-major/bin/../lib/gcc/arm-none-eabi/7.2.1/../../../../arm-none-eabi/lib/thumb/v7-m\libc_nano.a(lib_a-nano-mallocr.o)
                0x20000428                __malloc_sbrk_start
 *(COMMON)
 COMMON         0x2000042c        0x4 build/stm32f1xx_hal.o
                0x2000042c                uwTick
 COMMON         0x20000430        0x8 build/crc.o
                0x20000430                hcrc
 COMMON         0x20000438       0x54 build/i2c.o
                0x20000438                hi2c1
 COMMON         0x2000048c      0x204 build/main.o
                0x2000048c                rawMpu
                0x2000049c                textTxBuffer
 COMMON         0x20000690       0x40 build/tim.o
                0x20000690                htim3
 COMMON         0x200006d0       0x40 build/usart.o
                0x200006d0                huart1
 COMMON         0x20000710      0x224 build/usb_device.o
                0x20000710                hUsbDeviceFS
 COMMON         0x20000934      0x7d0 build/usbd_cdc_if.o
                0x20000934                UserRxBufferFS
                0x20000d1c                UserTxBufferFS
 COMMON         0x20001104      0x460 build/usbd_conf.o
                0x20001104                hpcd_USB_FS
 COMMON         0x20001564      0x200 build/usbd_desc.o
                0x20001564                USBD_StrDesc
 COMMON         0x20001764        0x4 c:/program files (x86)/embedded toolchain/gnu tools arm embedded/7 2017-q4-major/bin/../lib/gcc/arm-none-eabi/7.2.1/../../../../arm-none-eabi/lib/thumb/v7-m\libc_nano.a(lib_a-reent.o)
                0x20001764                errno
                0x20001768                . = ALIGN (0x4)
                0x20001768                _ebss = .
                0x20001768                __bss_end__ = _ebss

._user_heap_stack
                0x20001768      0x800 load address 0x08005e28
                0x20001768                . = ALIGN (0x8)
                0x20001768                PROVIDE (end, .)
                [!provide]                PROVIDE (_end, .)
                0x20001b68                . = (. + _Min_Heap_Size)
 *fill*         0x20001768      0x400 
                0x20001f68                . = (. + _Min_Stack_Size)
 *fill*         0x20001b68      0x400 
                0x20001f68                . = ALIGN (0x8)

/DISCARD/
 libc.a(*)
 libm.a(*)
 libgcc.a(*)

.ARM.attributes
                0x00000000       0x29
 *(.ARM.attributes)
 .ARM.attributes
                0x00000000       0x1d c:/program files (x86)/embedded toolchain/gnu tools arm embedded/7 2017-q4-major/bin/../lib/gcc/arm-none-eabi/7.2.1/thumb/v7-m/crti.o
 .ARM.attributes
                0x0000001d       0x2d c:/program files (x86)/embedded toolchain/gnu tools arm embedded/7 2017-q4-major/bin/../lib/gcc/arm-none-eabi/7.2.1/thumb/v7-m/crtbegin.o
 .ARM.attributes
                0x0000004a       0x33 build/stm32f1xx_hal.o
 .ARM.attributes
                0x0000007d       0x33 build/stm32f1xx_hal_cortex.o
 .ARM.attributes
                0x000000b0       0x33 build/stm32f1xx_hal_crc.o
 .ARM.attributes
                0x000000e3       0x33 build/stm32f1xx_hal_dma.o
 .ARM.attributes
                0x00000116       0x33 build/stm32f1xx_hal_gpio.o
 .ARM.attributes
                0x00000149       0x33 build/stm32f1xx_hal_i2c.o
 .ARM.attributes
                0x0000017c       0x33 build/stm32f1xx_hal_pcd.o
 .ARM.attributes
                0x000001af       0x33 build/stm32f1xx_hal_pcd_ex.o
 .ARM.attributes
                0x000001e2       0x33 build/stm32f1xx_hal_rcc.o
 .ARM.attributes
                0x00000215       0x33 build/stm32f1xx_hal_rcc_ex.o
 .ARM.attributes
                0x00000248       0x33 build/stm32f1xx_hal_tim.o
 .ARM.attributes
                0x0000027b       0x33 build/stm32f1xx_hal_tim_ex.o
 .ARM.attributes
                0x000002ae       0x33 build/stm32f1xx_hal_uart.o
 .ARM.attributes
                0x000002e1       0x33 build/stm32f1xx_ll_usb.o
 .ARM.attributes
                0x00000314       0x33 build/usbd_cdc.o
 .ARM.attributes
                0x00000347       0x33 build/usbd_core.o
 .ARM.attributes
                0x0000037a       0x33 build/usbd_ctlreq.o
 .ARM.attributes
                0x000003ad       0x33 build/usbd_ioreq.o
 .ARM.attributes
                0x000003e0       0x33 build/crc.o
 .ARM.attributes
                0x00000413       0x33 build/gpio.o
 .ARM.attributes
                0x00000446       0x33 build/i2c.o
 .ARM.attributes
                0x00000479       0x33 build/main.o
 .ARM.attributes
                0x000004ac       0x33 build/stm32f1xx_hal_msp.o
 .ARM.attributes
                0x000004df       0x33 build/stm32f1xx_it.o
 .ARM.attributes
                0x00000512       0x33 build/system_stm32f1xx.o
 .ARM.attributes
                0x00000545       0x33 build/tim.o
 .ARM.attributes
                0x00000578       0x33 build/usart.o
 .ARM.attributes
                0x000005ab       0x33 build/usb_device.o
 .ARM.attributes
                0x000005de       0x33 build/usbd_cdc_if.o
 .ARM.attributes
                0x00000611       0x33 build/usbd_conf.o
 .ARM.attributes
                0x00000644       0x33 build/usbd_desc.o
 .ARM.attributes
                0x00000677       0x33 build/syscalls.o
 .ARM.attributes
                0x000006aa       0x21 build/startup_stm32f103xb.o
 .ARM.attributes
                0x000006cb       0x2d c:/program files (x86)/embedded toolchain/gnu tools arm embedded/7 2017-q4-major/bin/../lib/gcc/arm-none-eabi/7.2.1/../../../../arm-none-eabi/lib/thumb/v7-m\libc_nano.a(lib_a-errno.o)
 .ARM.attributes
                0x000006f8       0x2d c:/program files (x86)/embedded toolchain/gnu tools arm embedded/7 2017-q4-major/bin/../lib/gcc/arm-none-eabi/7.2.1/../../../../arm-none-eabi/lib/thumb/v7-m\libc_nano.a(lib_a-impure.o)
 .ARM.attributes
                0x00000725       0x2d c:/program files (x86)/embedded toolchain/gnu tools arm embedded/7 2017-q4-major/bin/../lib/gcc/arm-none-eabi/7.2.1/../../../../arm-none-eabi/lib/thumb/v7-m\libc_nano.a(lib_a-init.o)
 .ARM.attributes
                0x00000752       0x2d c:/program files (x86)/embedded toolchain/gnu tools arm embedded/7 2017-q4-major/bin/../lib/gcc/arm-none-eabi/7.2.1/../../../../arm-none-eabi/lib/thumb/v7-m\libc_nano.a(lib_a-sprintf.o)
 .ARM.attributes
                0x0000077f       0x17 c:/program files (x86)/embedded toolchain/gnu tools arm embedded/7 2017-q4-major/bin/../lib/gcc/arm-none-eabi/7.2.1/../../../../arm-none-eabi/lib/thumb/v7-m\libc_nano.a(lib_a-strlen.o)
 .ARM.attributes
                0x00000796       0x2d c:/program files (x86)/embedded toolchain/gnu tools arm embedded/7 2017-q4-major/bin/../lib/gcc/arm-none-eabi/7.2.1/../../../../arm-none-eabi/lib/thumb/v7-m\libc_nano.a(lib_a-nano-svfprintf.o)
 .ARM.attributes
                0x000007c3       0x2d c:/program files (x86)/embedded toolchain/gnu tools arm embedded/7 2017-q4-major/bin/../lib/gcc/arm-none-eabi/7.2.1/../../../../arm-none-eabi/lib/thumb/v7-m\libc_nano.a(lib_a-nano-vfprintf_i.o)
 .ARM.attributes
                0x000007f0       0x2d c:/program files (x86)/embedded toolchain/gnu tools arm embedded/7 2017-q4-major/bin/../lib/gcc/arm-none-eabi/7.2.1/../../../../arm-none-eabi/lib/thumb/v7-m\libc_nano.a(lib_a-memchr-stub.o)
 .ARM.attributes
                0x0000081d       0x2d c:/program files (x86)/embedded toolchain/gnu tools arm embedded/7 2017-q4-major/bin/../lib/gcc/arm-none-eabi/7.2.1/../../../../arm-none-eabi/lib/thumb/v7-m\libc_nano.a(lib_a-memcpy-stub.o)
 .ARM.attributes
                0x0000084a       0x2d c:/program files (x86)/embedded toolchain/gnu tools arm embedded/7 2017-q4-major/bin/../lib/gcc/arm-none-eabi/7.2.1/../../../../arm-none-eabi/lib/thumb/v7-m\libc_nano.a(lib_a-memmove.o)
 .ARM.attributes
                0x00000877       0x2d c:/program files (x86)/embedded toolchain/gnu tools arm embedded/7 2017-q4-major/bin/../lib/gcc/arm-none-eabi/7.2.1/../../../../arm-none-eabi/lib/thumb/v7-m\libc_nano.a(lib_a-nano-freer.o)
 .ARM.attributes
                0x000008a4       0x2d c:/program files (x86)/embedded toolchain/gnu tools arm embedded/7 2017-q4-major/bin/../lib/gcc/arm-none-eabi/7.2.1/../../../../arm-none-eabi/lib/thumb/v7-m\libc_nano.a(lib_a-nano-mallocr.o)
 .ARM.attributes
                0x000008d1       0x2d c:/program files (x86)/embedded toolchain/gnu tools arm embedded/7 2017-q4-major/bin/../lib/gcc/arm-none-eabi/7.2.1/../../../../arm-none-eabi/lib/thumb/v7-m\libc_nano.a(lib_a-nano-reallocr.o)
 .ARM.attributes
                0x000008fe       0x2d c:/program files (x86)/embedded toolchain/gnu tools arm embedded/7 2017-q4-major/bin/../lib/gcc/arm-none-eabi/7.2.1/../../../../arm-none-eabi/lib/thumb/v7-m\libc_nano.a(lib_a-sbrkr.o)
 .ARM.attributes
                0x0000092b       0x2d c:/program files (x86)/embedded toolchain/gnu tools arm embedded/7 2017-q4-major/bin/../lib/gcc/arm-none-eabi/7.2.1/../../../../arm-none-eabi/lib/thumb/v7-m\libc_nano.a(lib_a-mlock.o)
 .ARM.attributes
                0x00000958       0x2d c:/program files (x86)/embedded toolchain/gnu tools arm embedded/7 2017-q4-major/bin/../lib/gcc/arm-none-eabi/7.2.1/../../../../arm-none-eabi/lib/thumb/v7-m\libc_nano.a(lib_a-nano-msizer.o)
 .ARM.attributes
                0x00000985       0x2d c:/program files (x86)/embedded toolchain/gnu tools arm embedded/7 2017-q4-major/bin/../lib/gcc/arm-none-eabi/7.2.1/../../../../arm-none-eabi/lib/thumb/v7-m\libc_nano.a(lib_a-reent.o)
 .ARM.attributes
                0x000009b2       0x1d c:/program files (x86)/embedded toolchain/gnu tools arm embedded/7 2017-q4-major/bin/../lib/gcc/arm-none-eabi/7.2.1/thumb/v7-m/crtn.o
OUTPUT(build/stm32f103TemplateProject.elf elf32-littlearm)

.debug_info     0x00000000    0x2d57b
 .debug_info    0x00000000     0x113a build/stm32f1xx_hal.o
 .debug_info    0x0000113a     0x1646 build/stm32f1xx_hal_cortex.o
 .debug_info    0x00002780      0xd78 build/stm32f1xx_hal_crc.o
 .debug_info    0x000034f8     0x11b8 build/stm32f1xx_hal_dma.o
 .debug_info    0x000046b0     0x101e build/stm32f1xx_hal_gpio.o
 .debug_info    0x000056ce     0x3a8d build/stm32f1xx_hal_i2c.o
 .debug_info    0x0000915b     0x1c38 build/stm32f1xx_hal_pcd.o
 .debug_info    0x0000ad93      0xfb8 build/stm32f1xx_hal_pcd_ex.o
 .debug_info    0x0000bd4b     0x13cd build/stm32f1xx_hal_rcc.o
 .debug_info    0x0000d118      0xdcc build/stm32f1xx_hal_rcc_ex.o
 .debug_info    0x0000dee4     0x3a49 build/stm32f1xx_hal_tim.o
 .debug_info    0x0001192d     0x1d2f build/stm32f1xx_hal_tim_ex.o
 .debug_info    0x0001365c     0x2110 build/stm32f1xx_hal_uart.o
 .debug_info    0x0001576c     0x1937 build/stm32f1xx_ll_usb.o
 .debug_info    0x000170a3     0x1793 build/usbd_cdc.o
 .debug_info    0x00018836     0x16c5 build/usbd_core.o
 .debug_info    0x00019efb     0x1856 build/usbd_ctlreq.o
 .debug_info    0x0001b751     0x119d build/usbd_ioreq.o
 .debug_info    0x0001c8ee      0xd40 build/crc.o
 .debug_info    0x0001d62e      0xd6f build/gpio.o
 .debug_info    0x0001e39d     0x1480 build/i2c.o
 .debug_info    0x0001f81d     0x1cd9 build/main.o
 .debug_info    0x000214f6      0xbfb build/stm32f1xx_hal_msp.o
 .debug_info    0x000220f1     0x1836 build/stm32f1xx_it.o
 .debug_info    0x00023927      0xd8f build/system_stm32f1xx.o
 .debug_info    0x000246b6     0x13c6 build/tim.o
 .debug_info    0x00025a7c     0x1200 build/usart.o
 .debug_info    0x00026c7c     0x10a4 build/usb_device.o
 .debug_info    0x00027d20     0x1289 build/usbd_cdc_if.o
 .debug_info    0x00028fa9     0x2445 build/usbd_conf.o
 .debug_info    0x0002b3ee      0xf85 build/usbd_desc.o
 .debug_info    0x0002c373     0x1208 build/syscalls.o

.debug_abbrev   0x00000000     0x5650
 .debug_abbrev  0x00000000      0x2fd build/stm32f1xx_hal.o
 .debug_abbrev  0x000002fd      0x3d3 build/stm32f1xx_hal_cortex.o
 .debug_abbrev  0x000006d0      0x29c build/stm32f1xx_hal_crc.o
 .debug_abbrev  0x0000096c      0x2e3 build/stm32f1xx_hal_dma.o
 .debug_abbrev  0x00000c4f      0x2be build/stm32f1xx_hal_gpio.o
 .debug_abbrev  0x00000f0d      0x33a build/stm32f1xx_hal_i2c.o
 .debug_abbrev  0x00001247      0x370 build/stm32f1xx_hal_pcd.o
 .debug_abbrev  0x000015b7      0x213 build/stm32f1xx_hal_pcd_ex.o
 .debug_abbrev  0x000017ca      0x332 build/stm32f1xx_hal_rcc.o
 .debug_abbrev  0x00001afc      0x296 build/stm32f1xx_hal_rcc_ex.o
 .debug_abbrev  0x00001d92      0x31f build/stm32f1xx_hal_tim.o
 .debug_abbrev  0x000020b1      0x2f8 build/stm32f1xx_hal_tim_ex.o
 .debug_abbrev  0x000023a9      0x338 build/stm32f1xx_hal_uart.o
 .debug_abbrev  0x000026e1      0x2da build/stm32f1xx_ll_usb.o
 .debug_abbrev  0x000029bb      0x335 build/usbd_cdc.o
 .debug_abbrev  0x00002cf0      0x2c6 build/usbd_core.o
 .debug_abbrev  0x00002fb6      0x325 build/usbd_ctlreq.o
 .debug_abbrev  0x000032db      0x1f7 build/usbd_ioreq.o
 .debug_abbrev  0x000034d2      0x241 build/crc.o
 .debug_abbrev  0x00003713      0x20d build/gpio.o
 .debug_abbrev  0x00003920      0x24f build/i2c.o
 .debug_abbrev  0x00003b6f      0x29c build/main.o
 .debug_abbrev  0x00003e0b      0x1de build/stm32f1xx_hal_msp.o
 .debug_abbrev  0x00003fe9      0x210 build/stm32f1xx_it.o
 .debug_abbrev  0x000041f9      0x209 build/system_stm32f1xx.o
 .debug_abbrev  0x00004402      0x260 build/tim.o
 .debug_abbrev  0x00004662      0x246 build/usart.o
 .debug_abbrev  0x000048a8      0x1fe build/usb_device.o
 .debug_abbrev  0x00004aa6      0x2c5 build/usbd_cdc_if.o
 .debug_abbrev  0x00004d6b      0x34f build/usbd_conf.o
 .debug_abbrev  0x000050ba      0x2e3 build/usbd_desc.o
 .debug_abbrev  0x0000539d      0x2b3 build/syscalls.o

.debug_loc      0x00000000    0x125b3
 .debug_loc     0x00000000      0x19d build/stm32f1xx_hal.o
 .debug_loc     0x0000019d      0x63d build/stm32f1xx_hal_cortex.o
 .debug_loc     0x000007da      0x21f build/stm32f1xx_hal_crc.o
 .debug_loc     0x000009f9      0x8da build/stm32f1xx_hal_dma.o
 .debug_loc     0x000012d3      0x516 build/stm32f1xx_hal_gpio.o
 .debug_loc     0x000017e9     0x3d23 build/stm32f1xx_hal_i2c.o
 .debug_loc     0x0000550c      0xd48 build/stm32f1xx_hal_pcd.o
 .debug_loc     0x00006254       0xf4 build/stm32f1xx_hal_pcd_ex.o
 .debug_loc     0x00006348      0x68e build/stm32f1xx_hal_rcc.o
 .debug_loc     0x000069d6      0x358 build/stm32f1xx_hal_rcc_ex.o
 .debug_loc     0x00006d2e     0x40e2 build/stm32f1xx_hal_tim.o
 .debug_loc     0x0000ae10     0x13ca build/stm32f1xx_hal_tim_ex.o
 .debug_loc     0x0000c1da     0x19dd build/stm32f1xx_hal_uart.o
 .debug_loc     0x0000dbb7      0xd39 build/stm32f1xx_ll_usb.o
 .debug_loc     0x0000e8f0      0x59c build/usbd_cdc.o
 .debug_loc     0x0000ee8c      0x884 build/usbd_core.o
 .debug_loc     0x0000f710      0xcf4 build/usbd_ctlreq.o
 .debug_loc     0x00010404      0x31c build/usbd_ioreq.o
 .debug_loc     0x00010720       0x4c build/crc.o
 .debug_loc     0x0001076c       0x38 build/gpio.o
 .debug_loc     0x000107a4       0xf8 build/i2c.o
 .debug_loc     0x0001089c      0x124 build/main.o
 .debug_loc     0x000109c0       0x2c build/stm32f1xx_hal_msp.o
 .debug_loc     0x000109ec       0xa0 build/stm32f1xx_it.o
 .debug_loc     0x00010a8c       0xdf build/system_stm32f1xx.o
 .debug_loc     0x00010b6b       0xf7 build/tim.o
 .debug_loc     0x00010c62       0xf8 build/usart.o
 .debug_loc     0x00010d5a       0x20 build/usb_device.o
 .debug_loc     0x00010d7a      0x173 build/usbd_cdc_if.o
 .debug_loc     0x00010eed      0xd5b build/usbd_conf.o
 .debug_loc     0x00011c48      0x3fa build/usbd_desc.o
 .debug_loc     0x00012042      0x571 build/syscalls.o

.debug_aranges  0x00000000     0x1500
 .debug_aranges
                0x00000000       0xd0 build/stm32f1xx_hal.o
 .debug_aranges
                0x000000d0       0x90 build/stm32f1xx_hal_cortex.o
 .debug_aranges
                0x00000160       0x50 build/stm32f1xx_hal_crc.o
 .debug_aranges
                0x000001b0       0x80 build/stm32f1xx_hal_dma.o
 .debug_aranges
                0x00000230       0x58 build/stm32f1xx_hal_gpio.o
 .debug_aranges
                0x00000288      0x268 build/stm32f1xx_hal_i2c.o
 .debug_aranges
                0x000004f0      0x120 build/stm32f1xx_hal_pcd.o
 .debug_aranges
                0x00000610       0x28 build/stm32f1xx_hal_pcd_ex.o
 .debug_aranges
                0x00000638       0x90 build/stm32f1xx_hal_rcc.o
 .debug_aranges
                0x000006c8       0x30 build/stm32f1xx_hal_rcc_ex.o
 .debug_aranges
                0x000006f8      0x368 build/stm32f1xx_hal_tim.o
 .debug_aranges
                0x00000a60      0x138 build/stm32f1xx_hal_tim_ex.o
 .debug_aranges
                0x00000b98      0x1d0 build/stm32f1xx_hal_uart.o
 .debug_aranges
                0x00000d68      0x100 build/stm32f1xx_ll_usb.o
 .debug_aranges
                0x00000e68       0x90 build/usbd_cdc.o
 .debug_aranges
                0x00000ef8       0xb8 build/usbd_core.o
 .debug_aranges
                0x00000fb0       0x88 build/usbd_ctlreq.o
 .debug_aranges
                0x00001038       0x50 build/usbd_ioreq.o
 .debug_aranges
                0x00001088       0x30 build/crc.o
 .debug_aranges
                0x000010b8       0x20 build/gpio.o
 .debug_aranges
                0x000010d8       0x30 build/i2c.o
 .debug_aranges
                0x00001108       0x40 build/main.o
 .debug_aranges
                0x00001148       0x20 build/stm32f1xx_hal_msp.o
 .debug_aranges
                0x00001168       0x80 build/stm32f1xx_it.o
 .debug_aranges
                0x000011e8       0x28 build/system_stm32f1xx.o
 .debug_aranges
                0x00001210       0x30 build/tim.o
 .debug_aranges
                0x00001240       0x30 build/usart.o
 .debug_aranges
                0x00001270       0x20 build/usb_device.o
 .debug_aranges
                0x00001290       0x40 build/usbd_cdc_if.o
 .debug_aranges
                0x000012d0      0x118 build/usbd_conf.o
 .debug_aranges
                0x000013e8       0x60 build/usbd_desc.o
 .debug_aranges
                0x00001448       0xb8 build/syscalls.o

.debug_ranges   0x00000000     0x14b8
 .debug_ranges  0x00000000       0xc0 build/stm32f1xx_hal.o
 .debug_ranges  0x000000c0       0xe0 build/stm32f1xx_hal_cortex.o
 .debug_ranges  0x000001a0       0x40 build/stm32f1xx_hal_crc.o
 .debug_ranges  0x000001e0       0x70 build/stm32f1xx_hal_dma.o
 .debug_ranges  0x00000250       0x48 build/stm32f1xx_hal_gpio.o
 .debug_ranges  0x00000298      0x258 build/stm32f1xx_hal_i2c.o
 .debug_ranges  0x000004f0      0x140 build/stm32f1xx_hal_pcd.o
 .debug_ranges  0x00000630       0x18 build/stm32f1xx_hal_pcd_ex.o
 .debug_ranges  0x00000648       0xa0 build/stm32f1xx_hal_rcc.o
 .debug_ranges  0x000006e8       0x38 build/stm32f1xx_hal_rcc_ex.o
 .debug_ranges  0x00000720      0x358 build/stm32f1xx_hal_tim.o
 .debug_ranges  0x00000a78      0x128 build/stm32f1xx_hal_tim_ex.o
 .debug_ranges  0x00000ba0      0x1c0 build/stm32f1xx_hal_uart.o
 .debug_ranges  0x00000d60      0x1e0 build/stm32f1xx_ll_usb.o
 .debug_ranges  0x00000f40       0x80 build/usbd_cdc.o
 .debug_ranges  0x00000fc0       0xa8 build/usbd_core.o
 .debug_ranges  0x00001068       0x78 build/usbd_ctlreq.o
 .debug_ranges  0x000010e0       0x40 build/usbd_ioreq.o
 .debug_ranges  0x00001120       0x20 build/crc.o
 .debug_ranges  0x00001140       0x10 build/gpio.o
 .debug_ranges  0x00001150       0x20 build/i2c.o
 .debug_ranges  0x00001170       0x30 build/main.o
 .debug_ranges  0x000011a0       0x10 build/stm32f1xx_hal_msp.o
 .debug_ranges  0x000011b0       0x70 build/stm32f1xx_it.o
 .debug_ranges  0x00001220       0x18 build/system_stm32f1xx.o
 .debug_ranges  0x00001238       0x20 build/tim.o
 .debug_ranges  0x00001258       0x20 build/usart.o
 .debug_ranges  0x00001278       0x10 build/usb_device.o
 .debug_ranges  0x00001288       0x30 build/usbd_cdc_if.o
 .debug_ranges  0x000012b8      0x108 build/usbd_conf.o
 .debug_ranges  0x000013c0       0x50 build/usbd_desc.o
 .debug_ranges  0x00001410       0xa8 build/syscalls.o

.debug_line     0x00000000     0xb7c9
 .debug_line    0x00000000      0x482 build/stm32f1xx_hal.o
 .debug_line    0x00000482      0x478 build/stm32f1xx_hal_cortex.o
 .debug_line    0x000008fa      0x3c7 build/stm32f1xx_hal_crc.o
 .debug_line    0x00000cc1      0x657 build/stm32f1xx_hal_dma.o
 .debug_line    0x00001318      0x48c build/stm32f1xx_hal_gpio.o
 .debug_line    0x000017a4     0x157a build/stm32f1xx_hal_i2c.o
 .debug_line    0x00002d1e      0x7dc build/stm32f1xx_hal_pcd.o
 .debug_line    0x000034fa      0x311 build/stm32f1xx_hal_pcd_ex.o
 .debug_line    0x0000380b      0x5ed build/stm32f1xx_hal_rcc.o
 .debug_line    0x00003df8      0x3ae build/stm32f1xx_hal_rcc_ex.o
 .debug_line    0x000041a6     0x12d4 build/stm32f1xx_hal_tim.o
 .debug_line    0x0000547a      0x88e build/stm32f1xx_hal_tim_ex.o
 .debug_line    0x00005d08      0xbee build/stm32f1xx_hal_uart.o
 .debug_line    0x000068f6      0x70c build/stm32f1xx_ll_usb.o
 .debug_line    0x00007002      0x552 build/usbd_cdc.o
 .debug_line    0x00007554      0x578 build/usbd_core.o
 .debug_line    0x00007acc      0x585 build/usbd_ctlreq.o
 .debug_line    0x00008051      0x3da build/usbd_ioreq.o
 .debug_line    0x0000842b      0x2f1 build/crc.o
 .debug_line    0x0000871c      0x2b1 build/gpio.o
 .debug_line    0x000089cd      0x356 build/i2c.o
 .debug_line    0x00008d23      0x49c build/main.o
 .debug_line    0x000091bf      0x292 build/stm32f1xx_hal_msp.o
 .debug_line    0x00009451      0x3e0 build/stm32f1xx_it.o
 .debug_line    0x00009831      0x2dd build/system_stm32f1xx.o
 .debug_line    0x00009b0e      0x352 build/tim.o
 .debug_line    0x00009e60      0x33e build/usart.o
 .debug_line    0x0000a19e      0x3b5 build/usb_device.o
 .debug_line    0x0000a553      0x3d6 build/usbd_cdc_if.o
 .debug_line    0x0000a929      0x67b build/usbd_conf.o
 .debug_line    0x0000afa4      0x409 build/usbd_desc.o
 .debug_line    0x0000b3ad      0x41c build/syscalls.o

.debug_str      0x00000000     0x59f6
 .debug_str     0x00000000      0xb99 build/stm32f1xx_hal.o
                                0xc3c (size before relaxing)
 .debug_str     0x00000b99      0x2de build/stm32f1xx_hal_cortex.o
                                0xd64 (size before relaxing)
 .debug_str     0x00000e77      0x1a6 build/stm32f1xx_hal_crc.o
                                0x84a (size before relaxing)
 .debug_str     0x0000101d      0x3ad build/stm32f1xx_hal_dma.o
                                0xac8 (size before relaxing)
 .debug_str     0x000013ca      0x1b6 build/stm32f1xx_hal_gpio.o
                                0x8d1 (size before relaxing)
 .debug_str     0x00001580      0xa56 build/stm32f1xx_hal_i2c.o
                               0x1367 (size before relaxing)
 .debug_str     0x00001fd6      0x78a build/stm32f1xx_hal_pcd.o
                                0xecb (size before relaxing)
 .debug_str     0x00002760       0x54 build/stm32f1xx_hal_pcd_ex.o
                                0x9f6 (size before relaxing)
 .debug_str     0x000027b4      0x2fc build/stm32f1xx_hal_rcc.o
                                0xaa8 (size before relaxing)
 .debug_str     0x00002ab0      0x128 build/stm32f1xx_hal_rcc_ex.o
                                0x88c (size before relaxing)
 .debug_str     0x00002bd8      0xf02 build/stm32f1xx_hal_tim.o
                               0x1800 (size before relaxing)
 .debug_str     0x00003ada      0x4ee build/stm32f1xx_hal_tim_ex.o
                               0x10a2 (size before relaxing)
 .debug_str     0x00003fc8      0x6b6 build/stm32f1xx_hal_uart.o
                               0x1019 (size before relaxing)
 .debug_str     0x0000467e      0x14c build/stm32f1xx_ll_usb.o
                                0xbc9 (size before relaxing)
 .debug_str     0x000047ca      0x63c build/usbd_cdc.o
                                0xd75 (size before relaxing)
 .debug_str     0x00004e06      0x29d build/usbd_core.o
                                0xce7 (size before relaxing)
 .debug_str     0x000050a3      0x12b build/usbd_ctlreq.o
                                0xc01 (size before relaxing)
 .debug_str     0x000051ce       0x4e build/usbd_ioreq.o
                                0xb2e (size before relaxing)
 .debug_str     0x0000521c       0x2e build/crc.o
                                0x817 (size before relaxing)
 .debug_str     0x0000524a       0x28 build/gpio.o
                                0x743 (size before relaxing)
 .debug_str     0x00005272       0x27 build/i2c.o
                                0xef9 (size before relaxing)
 .debug_str     0x00005299       0xa4 build/main.o
                               0x127a (size before relaxing)
 .debug_str     0x0000533d       0x18 build/stm32f1xx_hal_msp.o
                                0x6e5 (size before relaxing)
 .debug_str     0x00005355      0x100 build/stm32f1xx_it.o
                               0x1094 (size before relaxing)
 .debug_str     0x00005455       0x4a build/system_stm32f1xx.o
                                0x73a (size before relaxing)
 .debug_str     0x0000549f       0x19 build/tim.o
                                0xedd (size before relaxing)
 .debug_str     0x000054b8       0x17 build/usart.o
                                0xb12 (size before relaxing)
 .debug_str     0x000054cf       0x35 build/usb_device.o
                                0xaf1 (size before relaxing)
 .debug_str     0x00005504       0x78 build/usbd_cdc_if.o
                                0xbc1 (size before relaxing)
 .debug_str     0x0000557c       0x62 build/usbd_conf.o
                               0x15db (size before relaxing)
 .debug_str     0x000055de      0x162 build/usbd_desc.o
                                0x904 (size before relaxing)
 .debug_str     0x00005740      0x2b6 build/syscalls.o
                                0x8ac (size before relaxing)

.comment        0x00000000       0x7e
 .comment       0x00000000       0x7e build/stm32f1xx_hal.o
                                 0x7f (size before relaxing)
 .comment       0x0000007e       0x7f build/stm32f1xx_hal_cortex.o
 .comment       0x0000007e       0x7f build/stm32f1xx_hal_crc.o
 .comment       0x0000007e       0x7f build/stm32f1xx_hal_dma.o
 .comment       0x0000007e       0x7f build/stm32f1xx_hal_gpio.o
 .comment       0x0000007e       0x7f build/stm32f1xx_hal_i2c.o
 .comment       0x0000007e       0x7f build/stm32f1xx_hal_pcd.o
 .comment       0x0000007e       0x7f build/stm32f1xx_hal_pcd_ex.o
 .comment       0x0000007e       0x7f build/stm32f1xx_hal_rcc.o
 .comment       0x0000007e       0x7f build/stm32f1xx_hal_rcc_ex.o
 .comment       0x0000007e       0x7f build/stm32f1xx_hal_tim.o
 .comment       0x0000007e       0x7f build/stm32f1xx_hal_tim_ex.o
 .comment       0x0000007e       0x7f build/stm32f1xx_hal_uart.o
 .comment       0x0000007e       0x7f build/stm32f1xx_ll_usb.o
 .comment       0x0000007e       0x7f build/usbd_cdc.o
 .comment       0x0000007e       0x7f build/usbd_core.o
 .comment       0x0000007e       0x7f build/usbd_ctlreq.o
 .comment       0x0000007e       0x7f build/usbd_ioreq.o
 .comment       0x0000007e       0x7f build/crc.o
 .comment       0x0000007e       0x7f build/gpio.o
 .comment       0x0000007e       0x7f build/i2c.o
 .comment       0x0000007e       0x7f build/main.o
 .comment       0x0000007e       0x7f build/stm32f1xx_hal_msp.o
 .comment       0x0000007e       0x7f build/stm32f1xx_it.o
 .comment       0x0000007e       0x7f build/system_stm32f1xx.o
 .comment       0x0000007e       0x7f build/tim.o
 .comment       0x0000007e       0x7f build/usart.o
 .comment       0x0000007e       0x7f build/usb_device.o
 .comment       0x0000007e       0x7f build/usbd_cdc_if.o
 .comment       0x0000007e       0x7f build/usbd_conf.o
 .comment       0x0000007e       0x7f build/usbd_desc.o
 .comment       0x0000007e       0x7f build/syscalls.o

.debug_frame    0x00000000     0x400c
 .debug_frame   0x00000000      0x1c0 build/stm32f1xx_hal.o
 .debug_frame   0x000001c0      0x13c build/stm32f1xx_hal_cortex.o
 .debug_frame   0x000002fc       0xc0 build/stm32f1xx_hal_crc.o
 .debug_frame   0x000003bc      0x168 build/stm32f1xx_hal_dma.o
 .debug_frame   0x00000524       0xe8 build/stm32f1xx_hal_gpio.o
 .debug_frame   0x0000060c      0x97c build/stm32f1xx_hal_i2c.o
 .debug_frame   0x00000f88      0x350 build/stm32f1xx_hal_pcd.o
 .debug_frame   0x000012d8       0x30 build/stm32f1xx_hal_pcd_ex.o
 .debug_frame   0x00001308      0x194 build/stm32f1xx_hal_rcc.o
 .debug_frame   0x0000149c       0x74 build/stm32f1xx_hal_rcc_ex.o
 .debug_frame   0x00001510      0xb1c build/stm32f1xx_hal_tim.o
 .debug_frame   0x0000202c      0x3e4 build/stm32f1xx_hal_tim_ex.o
 .debug_frame   0x00002410      0x57c build/stm32f1xx_hal_uart.o
 .debug_frame   0x0000298c      0x250 build/stm32f1xx_ll_usb.o
 .debug_frame   0x00002bdc      0x168 build/usbd_cdc.o
 .debug_frame   0x00002d44      0x1ec build/usbd_core.o
 .debug_frame   0x00002f30      0x1b0 build/usbd_ctlreq.o
 .debug_frame   0x000030e0       0xd4 build/usbd_ioreq.o
 .debug_frame   0x000031b4       0x54 build/crc.o
 .debug_frame   0x00003208       0x38 build/gpio.o
 .debug_frame   0x00003240       0x6c build/i2c.o
 .debug_frame   0x000032ac       0x98 build/main.o
 .debug_frame   0x00003344       0x28 build/stm32f1xx_hal_msp.o
 .debug_frame   0x0000336c      0x11c build/stm32f1xx_it.o
 .debug_frame   0x00003488       0x30 build/system_stm32f1xx.o
 .debug_frame   0x000034b8       0x68 build/tim.o
 .debug_frame   0x00003520       0x6c build/usart.o
 .debug_frame   0x0000358c       0x2c build/usb_device.o
 .debug_frame   0x000035b8       0x84 build/usbd_cdc_if.o
 .debug_frame   0x0000363c      0x354 build/usbd_conf.o
 .debug_frame   0x00003990       0xfc build/usbd_desc.o
 .debug_frame   0x00003a8c      0x1e8 build/syscalls.o
 .debug_frame   0x00003c74       0x20 c:/program files (x86)/embedded toolchain/gnu tools arm embedded/7 2017-q4-major/bin/../lib/gcc/arm-none-eabi/7.2.1/../../../../arm-none-eabi/lib/thumb/v7-m\libc_nano.a(lib_a-errno.o)
 .debug_frame   0x00003c94       0x2c c:/program files (x86)/embedded toolchain/gnu tools arm embedded/7 2017-q4-major/bin/../lib/gcc/arm-none-eabi/7.2.1/../../../../arm-none-eabi/lib/thumb/v7-m\libc_nano.a(lib_a-init.o)
 .debug_frame   0x00003cc0       0x6c c:/program files (x86)/embedded toolchain/gnu tools arm embedded/7 2017-q4-major/bin/../lib/gcc/arm-none-eabi/7.2.1/../../../../arm-none-eabi/lib/thumb/v7-m\libc_nano.a(lib_a-sprintf.o)
 .debug_frame   0x00003d2c       0x90 c:/program files (x86)/embedded toolchain/gnu tools arm embedded/7 2017-q4-major/bin/../lib/gcc/arm-none-eabi/7.2.1/../../../../arm-none-eabi/lib/thumb/v7-m\libc_nano.a(lib_a-nano-svfprintf.o)
 .debug_frame   0x00003dbc       0x60 c:/program files (x86)/embedded toolchain/gnu tools arm embedded/7 2017-q4-major/bin/../lib/gcc/arm-none-eabi/7.2.1/../../../../arm-none-eabi/lib/thumb/v7-m\libc_nano.a(lib_a-nano-vfprintf_i.o)
 .debug_frame   0x00003e1c       0x28 c:/program files (x86)/embedded toolchain/gnu tools arm embedded/7 2017-q4-major/bin/../lib/gcc/arm-none-eabi/7.2.1/../../../../arm-none-eabi/lib/thumb/v7-m\libc_nano.a(lib_a-memchr-stub.o)
 .debug_frame   0x00003e44       0x28 c:/program files (x86)/embedded toolchain/gnu tools arm embedded/7 2017-q4-major/bin/../lib/gcc/arm-none-eabi/7.2.1/../../../../arm-none-eabi/lib/thumb/v7-m\libc_nano.a(lib_a-memcpy-stub.o)
 .debug_frame   0x00003e6c       0x28 c:/program files (x86)/embedded toolchain/gnu tools arm embedded/7 2017-q4-major/bin/../lib/gcc/arm-none-eabi/7.2.1/../../../../arm-none-eabi/lib/thumb/v7-m\libc_nano.a(lib_a-memmove.o)
 .debug_frame   0x00003e94       0x38 c:/program files (x86)/embedded toolchain/gnu tools arm embedded/7 2017-q4-major/bin/../lib/gcc/arm-none-eabi/7.2.1/../../../../arm-none-eabi/lib/thumb/v7-m\libc_nano.a(lib_a-nano-freer.o)
 .debug_frame   0x00003ecc       0x2c c:/program files (x86)/embedded toolchain/gnu tools arm embedded/7 2017-q4-major/bin/../lib/gcc/arm-none-eabi/7.2.1/../../../../arm-none-eabi/lib/thumb/v7-m\libc_nano.a(lib_a-nano-mallocr.o)
 .debug_frame   0x00003ef8       0x3c c:/program files (x86)/embedded toolchain/gnu tools arm embedded/7 2017-q4-major/bin/../lib/gcc/arm-none-eabi/7.2.1/../../../../arm-none-eabi/lib/thumb/v7-m\libc_nano.a(lib_a-nano-reallocr.o)
 .debug_frame   0x00003f34       0x2c c:/program files (x86)/embedded toolchain/gnu tools arm embedded/7 2017-q4-major/bin/../lib/gcc/arm-none-eabi/7.2.1/../../../../arm-none-eabi/lib/thumb/v7-m\libc_nano.a(lib_a-sbrkr.o)
 .debug_frame   0x00003f60       0x30 c:/program files (x86)/embedded toolchain/gnu tools arm embedded/7 2017-q4-major/bin/../lib/gcc/arm-none-eabi/7.2.1/../../../../arm-none-eabi/lib/thumb/v7-m\libc_nano.a(lib_a-mlock.o)
 .debug_frame   0x00003f90       0x20 c:/program files (x86)/embedded toolchain/gnu tools arm embedded/7 2017-q4-major/bin/../lib/gcc/arm-none-eabi/7.2.1/../../../../arm-none-eabi/lib/thumb/v7-m\libc_nano.a(lib_a-nano-msizer.o)
 .debug_frame   0x00003fb0       0x5c c:/program files (x86)/embedded toolchain/gnu tools arm embedded/7 2017-q4-major/bin/../lib/gcc/arm-none-eabi/7.2.1/../../../../arm-none-eabi/lib/thumb/v7-m\libc_nano.a(lib_a-reent.o)

Cross Reference Table

Symbol                                            File
ADC1_2_IRQHandler                                 build/startup_stm32f103xb.o
AHBPrescTable                                     build/system_stm32f1xx.o
                                                  build/stm32f1xx_hal_rcc.o
APBPrescTable                                     build/system_stm32f1xx.o
                                                  build/stm32f1xx_hal_rcc.o
BusFault_Handler                                  build/stm32f1xx_it.o
CAN1_RX1_IRQHandler                               build/startup_stm32f103xb.o
CAN1_SCE_IRQHandler                               build/startup_stm32f103xb.o
CDC_Transmit_FS                                   build/usbd_cdc_if.o
DMA1_Channel1_IRQHandler                          build/startup_stm32f103xb.o
DMA1_Channel2_IRQHandler                          build/startup_stm32f103xb.o
DMA1_Channel3_IRQHandler                          build/startup_stm32f103xb.o
DMA1_Channel4_IRQHandler                          build/startup_stm32f103xb.o
DMA1_Channel5_IRQHandler                          build/startup_stm32f103xb.o
DMA1_Channel6_IRQHandler                          build/startup_stm32f103xb.o
DMA1_Channel7_IRQHandler                          build/startup_stm32f103xb.o
DebugMon_Handler                                  build/stm32f1xx_it.o
Default_Handler                                   build/startup_stm32f103xb.o
EXTI0_IRQHandler                                  build/startup_stm32f103xb.o
EXTI15_10_IRQHandler                              build/startup_stm32f103xb.o
EXTI1_IRQHandler                                  build/startup_stm32f103xb.o
EXTI2_IRQHandler                                  build/startup_stm32f103xb.o
EXTI3_IRQHandler                                  build/startup_stm32f103xb.o
EXTI4_IRQHandler                                  build/startup_stm32f103xb.o
EXTI9_5_IRQHandler                                build/startup_stm32f103xb.o
Error_Handler                                     build/main.o
                                                  build/usbd_conf.o
                                                  build/usb_device.o
                                                  build/usart.o
                                                  build/tim.o
                                                  build/i2c.o
                                                  build/crc.o
FLASH_IRQHandler                                  build/startup_stm32f103xb.o
FLASH_PageErase                                   build/stm32f1xx_hal_flash_ex.o
                                                  build/stm32f1xx_hal_flash.o
FLASH_WaitForLastOperation                        build/stm32f1xx_hal_flash.o
                                                  build/stm32f1xx_hal_flash_ex.o
FS_Desc                                           build/usbd_desc.o
                                                  build/usb_device.o
HAL_CRC_Accumulate                                build/stm32f1xx_hal_crc.o
HAL_CRC_Calculate                                 build/stm32f1xx_hal_crc.o
HAL_CRC_DeInit                                    build/stm32f1xx_hal_crc.o
HAL_CRC_GetState                                  build/stm32f1xx_hal_crc.o
HAL_CRC_Init                                      build/stm32f1xx_hal_crc.o
                                                  build/crc.o
HAL_CRC_MspDeInit                                 build/crc.o
                                                  build/stm32f1xx_hal_crc.o
HAL_CRC_MspInit                                   build/crc.o
                                                  build/stm32f1xx_hal_crc.o
HAL_DBGMCU_DisableDBGSleepMode                    build/stm32f1xx_hal.o
HAL_DBGMCU_DisableDBGStandbyMode                  build/stm32f1xx_hal.o
HAL_DBGMCU_DisableDBGStopMode                     build/stm32f1xx_hal.o
HAL_DBGMCU_EnableDBGSleepMode                     build/stm32f1xx_hal.o
HAL_DBGMCU_EnableDBGStandbyMode                   build/stm32f1xx_hal.o
HAL_DBGMCU_EnableDBGStopMode                      build/stm32f1xx_hal.o
HAL_DMA_Abort                                     build/stm32f1xx_hal_dma.o
                                                  build/stm32f1xx_hal_uart.o
                                                  build/stm32f1xx_hal_tim.o
HAL_DMA_Abort_IT                                  build/stm32f1xx_hal_dma.o
                                                  build/stm32f1xx_hal_uart.o
                                                  build/stm32f1xx_hal_i2c.o
HAL_DMA_DeInit                                    build/stm32f1xx_hal_dma.o
HAL_DMA_GetError                                  build/stm32f1xx_hal_dma.o
HAL_DMA_GetState                                  build/stm32f1xx_hal_dma.o
HAL_DMA_IRQHandler                                build/stm32f1xx_hal_dma.o
HAL_DMA_Init                                      build/stm32f1xx_hal_dma.o
HAL_DMA_PollForTransfer                           build/stm32f1xx_hal_dma.o
HAL_DMA_RegisterCallback                          build/stm32f1xx_hal_dma.o
HAL_DMA_Start                                     build/stm32f1xx_hal_dma.o
HAL_DMA_Start_IT                                  build/stm32f1xx_hal_dma.o
                                                  build/stm32f1xx_hal_uart.o
                                                  build/stm32f1xx_hal_tim_ex.o
                                                  build/stm32f1xx_hal_tim.o
                                                  build/stm32f1xx_hal_i2c.o
HAL_DMA_UnRegisterCallback                        build/stm32f1xx_hal_dma.o
HAL_DeInit                                        build/stm32f1xx_hal.o
HAL_Delay                                         build/stm32f1xx_hal.o
                                                  build/usbd_conf.o
HAL_FLASHEx_Erase                                 build/stm32f1xx_hal_flash_ex.o
HAL_FLASHEx_Erase_IT                              build/stm32f1xx_hal_flash_ex.o
HAL_FLASHEx_OBErase                               build/stm32f1xx_hal_flash_ex.o
HAL_FLASHEx_OBGetConfig                           build/stm32f1xx_hal_flash_ex.o
HAL_FLASHEx_OBGetUserData                         build/stm32f1xx_hal_flash_ex.o
HAL_FLASHEx_OBProgram                             build/stm32f1xx_hal_flash_ex.o
HAL_FLASH_EndOfOperationCallback                  build/stm32f1xx_hal_flash.o
HAL_FLASH_GetError                                build/stm32f1xx_hal_flash.o
HAL_FLASH_IRQHandler                              build/stm32f1xx_hal_flash.o
HAL_FLASH_Lock                                    build/stm32f1xx_hal_flash.o
HAL_FLASH_OB_Launch                               build/stm32f1xx_hal_flash.o
HAL_FLASH_OB_Lock                                 build/stm32f1xx_hal_flash.o
HAL_FLASH_OB_Unlock                               build/stm32f1xx_hal_flash.o
HAL_FLASH_OperationErrorCallback                  build/stm32f1xx_hal_flash.o
HAL_FLASH_Program                                 build/stm32f1xx_hal_flash.o
HAL_FLASH_Program_IT                              build/stm32f1xx_hal_flash.o
HAL_FLASH_Unlock                                  build/stm32f1xx_hal_flash.o
HAL_GPIOEx_ConfigEventout                         build/stm32f1xx_hal_gpio_ex.o
HAL_GPIOEx_DisableEventout                        build/stm32f1xx_hal_gpio_ex.o
HAL_GPIOEx_EnableEventout                         build/stm32f1xx_hal_gpio_ex.o
HAL_GPIO_DeInit                                   build/stm32f1xx_hal_gpio.o
                                                  build/usart.o
                                                  build/i2c.o
HAL_GPIO_EXTI_Callback                            build/stm32f1xx_hal_gpio.o
HAL_GPIO_EXTI_IRQHandler                          build/stm32f1xx_hal_gpio.o
HAL_GPIO_Init                                     build/stm32f1xx_hal_gpio.o
                                                  build/usart.o
                                                  build/i2c.o
                                                  build/gpio.o
                                                  build/stm32f1xx_hal_rcc.o
HAL_GPIO_LockPin                                  build/stm32f1xx_hal_gpio.o
HAL_GPIO_ReadPin                                  build/stm32f1xx_hal_gpio.o
HAL_GPIO_TogglePin                                build/stm32f1xx_hal_gpio.o
                                                  build/main.o
HAL_GPIO_WritePin                                 build/stm32f1xx_hal_gpio.o
                                                  build/gpio.o
HAL_GetDEVID                                      build/stm32f1xx_hal.o
HAL_GetHalVersion                                 build/stm32f1xx_hal.o
HAL_GetREVID                                      build/stm32f1xx_hal.o
HAL_GetTick                                       build/stm32f1xx_hal.o
                                                  build/stm32f1xx_hal_uart.o
                                                  build/stm32f1xx_hal_rcc_ex.o
                                                  build/stm32f1xx_hal_rcc.o
                                                  build/stm32f1xx_hal_i2c.o
                                                  build/stm32f1xx_hal_flash.o
                                                  build/stm32f1xx_hal_dma.o
HAL_GetTickFreq                                   build/stm32f1xx_hal.o
HAL_GetTickPrio                                   build/stm32f1xx_hal.o
HAL_GetUID                                        build/stm32f1xx_hal.o
HAL_HalfDuplex_EnableReceiver                     build/stm32f1xx_hal_uart.o
HAL_HalfDuplex_EnableTransmitter                  build/stm32f1xx_hal_uart.o
HAL_HalfDuplex_Init                               build/stm32f1xx_hal_uart.o
HAL_I2C_AbortCpltCallback                         build/stm32f1xx_hal_i2c.o
HAL_I2C_AddrCallback                              build/stm32f1xx_hal_i2c.o
HAL_I2C_DeInit                                    build/stm32f1xx_hal_i2c.o
HAL_I2C_DisableListen_IT                          build/stm32f1xx_hal_i2c.o